CN1SS:INFO:suite starting test=KotlinUiTest
CN1SS:INFO:stage=prepared test=KotlinUiTest
CN1SS:INFO:kotlin-step=form
CN1SS:INFO:kotlin-step=label
CN1SS:INFO:kotlin-step=button
CN1SS:INFO:kotlin-step=switch-off
CN1SS:INFO:kotlin-step=switch-on-ctor
CN1SS:INFO:kotlin-step=switch-on-seton
CN1SS:INFO:kotlin-step=switch-row
CN1SS:INFO:kotlin-step=textfield
CN1SS:INFO:kotlin-step=slider
CN1SS:INFO:kotlin-step=addAll
CN1SS:INFO:kotlin-step=added
CN1SS:INFO:kotlin-step=accordion-ctor
CN1SS:INFO:kotlin-step=multibutton-1
CN1SS:INFO:kotlin-step=multibutton-2
CN1SS:INFO:kotlin-step=accordion-details
CN1SS:INFO:kotlin-step=checkbox
CN1SS:INFO:kotlin-step=prefs-switch
CN1SS:INFO:kotlin-step=textarea
CN1SS:INFO:kotlin-step=textarea-hint
CN1SS:INFO:kotlin-step=prefs-container
CN1SS:INFO:kotlin-step=probe-blur-drawable
CN1SS:INFO:kotlin-step=probe-blur-drawable-ok=34x34
CN1SS:INFO:kotlin-step=probe-switch-on-preferred
CN1SS:INFO:kotlin-step=probe-switch-on-ok
CN1SS:INFO:kotlin-step=accordion-prefs
CN1SS:INFO:kotlin-step=accordion-summary
CN1SS:INFO:kotlin-step=form-add
CN1SS:INFO:kotlin-step=form-show
CN1SS:INFO:kotlin-step=shown
CN1SS:INFO:stage=ran test=KotlinUiTest
CN1SS:INFO:stage=awaiting test=KotlinUiTest
CN1SS:INFO:test=kotlin png_bytes=13960 png_fnv1a64=84feb2ec7bb2b3d5
CN1SS:INFO:suite finished test=KotlinUiTest
CN1SS:INFO:suite starting test=MainScreenScreenshotTest
CN1SS:INFO:stage=prepared test=MainScreenScreenshotTest
CN1SS:INFO:stage=ran test=MainScreenScreenshotTest
CN1SS:INFO:stage=awaiting test=MainScreenScreenshotTest
CN1SS:INFO:test=MainActivity png_bytes=7408 png_fnv1a64=d6f86e8dd410be77
CN1SS:INFO:suite finished test=MainScreenScreenshotTest
CN1SS:INFO:suite starting test=AdsScreenshotTest
CN1SS:INFO:stage=prepared test=AdsScreenshotTest
CN1SS:INFO:stage=ran test=AdsScreenshotTest
CN1SS:INFO:stage=awaiting test=AdsScreenshotTest
CN1SS:INFO:test=AdsScreen png_bytes=17434 png_fnv1a64=774db81ae9709e1d
CN1SS:INFO:suite finished test=AdsScreenshotTest
CN1SS:INFO:suite starting test=SlideHorizontalTransitionTest
CN1SS:INFO:stage=prepared test=SlideHorizontalTransitionTest
CN1SS:INFO:stage=ran test=SlideHorizontalTransitionTest
CN1SS:INFO:stage=awaiting test=SlideHorizontalTransitionTest
CN1SS:INFO:test=SlideHorizontalTransitionTest png_bytes=13708 png_fnv1a64=ecbb67b27b04df0c
CN1SS:INFO:suite finished test=SlideHorizontalTransitionTest
CN1SS:INFO:suite starting test=SlideHorizontalBackTransitionTest
CN1SS:INFO:stage=prepared test=SlideHorizontalBackTransitionTest
CN1SS:INFO:stage=ran test=SlideHorizontalBackTransitionTest
CN1SS:INFO:stage=awaiting test=SlideHorizontalBackTransitionTest
CN1SS:INFO:test=SlideHorizontalBackTransitionTest png_bytes=14015 png_fnv1a64=a68cec341b9a2d49
CN1SS:INFO:suite finished test=SlideHorizontalBackTransitionTest
CN1SS:INFO:suite starting test=SlideVerticalTransitionTest
CN1SS:INFO:stage=prepared test=SlideVerticalTransitionTest
CN1SS:INFO:stage=ran test=SlideVerticalTransitionTest
CN1SS:INFO:stage=awaiting test=SlideVerticalTransitionTest
CN1SS:INFO:test=SlideVerticalTransitionTest png_bytes=15435 png_fnv1a64=cf78cfe86cf58424
CN1SS:INFO:suite finished test=SlideVerticalTransitionTest
CN1SS:INFO:suite starting test=SlideFadeTitleTransitionTest
CN1SS:INFO:stage=prepared test=SlideFadeTitleTransitionTest
CN1SS:INFO:stage=ran test=SlideFadeTitleTransitionTest
CN1SS:INFO:stage=awaiting test=SlideFadeTitleTransitionTest
CN1SS:INFO:test=SlideFadeTitleTransitionTest png_bytes=15732 png_fnv1a64=a44f750d68b1493f
CN1SS:INFO:suite finished test=SlideFadeTitleTransitionTest
CN1SS:INFO:suite starting test=CoverHorizontalTransitionTest
CN1SS:INFO:stage=prepared test=CoverHorizontalTransitionTest
CN1SS:INFO:stage=ran test=CoverHorizontalTransitionTest
CN1SS:INFO:stage=awaiting test=CoverHorizontalTransitionTest
CN1SS:INFO:test=CoverHorizontalTransitionTest png_bytes=12955 png_fnv1a64=703c3c39fa5548db
CN1SS:INFO:suite finished test=CoverHorizontalTransitionTest
CN1SS:INFO:suite starting test=UncoverHorizontalTransitionTest
CN1SS:INFO:stage=prepared test=UncoverHorizontalTransitionTest
CN1SS:INFO:stage=ran test=UncoverHorizontalTransitionTest
CN1SS:INFO:stage=awaiting test=UncoverHorizontalTransitionTest
CN1SS:INFO:test=UncoverHorizontalTransitionTest png_bytes=12599 png_fnv1a64=a25b39c47302169d
CN1SS:INFO:suite finished test=UncoverHorizontalTransitionTest
CN1SS:INFO:suite starting test=FadeTransitionTest
CN1SS:INFO:stage=prepared test=FadeTransitionTest
CN1SS:INFO:stage=ran test=FadeTransitionTest
CN1SS:INFO:stage=awaiting test=FadeTransitionTest
CN1SS:INFO:test=FadeTransitionTest png_bytes=16985 png_fnv1a64=870c07aa4e811029
CN1SS:INFO:suite finished test=FadeTransitionTest
CN1SS:INFO:suite starting test=FlipTransitionTest
CN1SS:INFO:stage=prepared test=FlipTransitionTest
CN1SS:INFO:stage=ran test=FlipTransitionTest
CN1SS:INFO:stage=awaiting test=FlipTransitionTest
CN1SS:INFO:test=FlipTransitionTest png_bytes=12840 png_fnv1a64=e6f640e971a82fc8
CN1SS:INFO:suite finished test=FlipTransitionTest
CN1SS:INFO:suite starting test=MorphTransitionTest
CN1SS:INFO:stage=prepared test=MorphTransitionTest
CN1SS:INFO:stage=ran test=MorphTransitionTest
CN1SS:INFO:stage=awaiting test=MorphTransitionTest
CN1SS:INFO:test=MorphTransitionTest png_bytes=13928 png_fnv1a64=096041a8a5e2a04a
CN1SS:INFO:suite finished test=MorphTransitionTest
CN1SS:INFO:suite starting test=MorphTransitionScrolledSourceTest
CN1SS:INFO:stage=prepared test=MorphTransitionScrolledSourceTest
CN1SS:INFO:stage=ran test=MorphTransitionScrolledSourceTest
CN1SS:INFO:stage=awaiting test=MorphTransitionScrolledSourceTest
CN1SS:INFO:test=MorphTransitionScrolledSourceTest png_bytes=14363 png_fnv1a64=8b3fc099fe0a691f
CN1SS:INFO:suite finished test=MorphTransitionScrolledSourceTest
CN1SS:INFO:suite starting test=MorphTransitionSnapshotTest
CN1SS:INFO:stage=prepared test=MorphTransitionSnapshotTest
CN1SS:INFO:stage=ran test=MorphTransitionSnapshotTest
CN1SS:INFO:stage=awaiting test=MorphTransitionSnapshotTest
CN1SS:INFO:test=MorphTransitionSnapshotTest png_bytes=13631 png_fnv1a64=7354f6ce66044643
CN1SS:INFO:suite finished test=MorphTransitionSnapshotTest
CN1SS:INFO:suite starting test=MorphTransitionScrubScreenshotTest
CN1SS:INFO:stage=prepared test=MorphTransitionScrubScreenshotTest
CN1SS:INFO:stage=ran test=MorphTransitionScrubScreenshotTest
CN1SS:INFO:stage=awaiting test=MorphTransitionScrubScreenshotTest
CN1SS:INFO:test=MorphTransitionScrubScreenshotTest png_bytes=13968 png_fnv1a64=371d21f55e1dce29
CN1SS:INFO:suite finished test=MorphTransitionScrubScreenshotTest
CN1SS:INFO:suite starting test=MorphElementMorphScreenshotTest
CN1SS:INFO:stage=prepared test=MorphElementMorphScreenshotTest
CN1SS:INFO:stage=ran test=MorphElementMorphScreenshotTest
CN1SS:INFO:stage=awaiting test=MorphElementMorphScreenshotTest
CN1SS:INFO:test=MorphElementMorphScreenshotTest png_bytes=40030 png_fnv1a64=23aaa6dfdd020950
CN1SS:INFO:suite finished test=MorphElementMorphScreenshotTest
CN1SS:INFO:suite starting test=TabsAnimatedIndicatorScreenshotTest
CN1SS:INFO:stage=prepared test=TabsAnimatedIndicatorScreenshotTest
CN1SS:INFO:stage=ran test=TabsAnimatedIndicatorScreenshotTest
CN1SS:INFO:stage=awaiting test=TabsAnimatedIndicatorScreenshotTest
CN1SS:INFO:test=TabsAnimatedIndicatorScreenshotTest png_bytes=22107 png_fnv1a64=5cf7487b3bc7a999
CN1SS:INFO:suite finished test=TabsAnimatedIndicatorScreenshotTest
CN1SS:INFO:suite starting test=PullToRefreshSpinnerScreenshotTest
CN1SS:INFO:stage=prepared test=PullToRefreshSpinnerScreenshotTest
CN1SS:INFO:stage=ran test=PullToRefreshSpinnerScreenshotTest
CN1SS:INFO:stage=awaiting test=PullToRefreshSpinnerScreenshotTest
CN1SS:INFO:test=PullToRefreshSpinnerScreenshotTest png_bytes=16112 png_fnv1a64=cd5243304709f8b2
CN1SS:INFO:suite finished test=PullToRefreshSpinnerScreenshotTest
CN1SS:INFO:suite starting test=AnimateLayoutScreenshotTest
CN1SS:INFO:stage=prepared test=AnimateLayoutScreenshotTest
CN1SS:INFO:stage=ran test=AnimateLayoutScreenshotTest
CN1SS:INFO:stage=awaiting test=AnimateLayoutScreenshotTest
CN1SS:INFO:test=AnimateLayoutScreenshotTest png_bytes=14323 png_fnv1a64=6e03d83c8dc45686
CN1SS:INFO:suite finished test=AnimateLayoutScreenshotTest
CN1SS:INFO:suite starting test=AnimateHierarchyScreenshotTest
CN1SS:INFO:stage=prepared test=AnimateHierarchyScreenshotTest
CN1SS:INFO:stage=ran test=AnimateHierarchyScreenshotTest
CN1SS:INFO:stage=awaiting test=AnimateHierarchyScreenshotTest
CN1SS:INFO:test=AnimateHierarchyScreenshotTest png_bytes=12376 png_fnv1a64=2453d62e015c434f
CN1SS:INFO:suite finished test=AnimateHierarchyScreenshotTest
CN1SS:INFO:suite starting test=AnimateUnlayoutScreenshotTest
CN1SS:INFO:stage=prepared test=AnimateUnlayoutScreenshotTest
CN1SS:INFO:stage=ran test=AnimateUnlayoutScreenshotTest
CN1SS:INFO:stage=awaiting test=AnimateUnlayoutScreenshotTest
CN1SS:INFO:test=AnimateUnlayoutScreenshotTest png_bytes=12148 png_fnv1a64=68953e2739dd05f3
CN1SS:INFO:suite finished test=AnimateUnlayoutScreenshotTest
CN1SS:INFO:suite starting test=SmoothScrollScreenshotTest
CN1SS:INFO:stage=prepared test=SmoothScrollScreenshotTest
CN1SS:INFO:stage=ran test=SmoothScrollScreenshotTest
CN1SS:INFO:stage=awaiting test=SmoothScrollScreenshotTest
CN1SS:INFO:test=SmoothScrollScreenshotTest png_bytes=14086 png_fnv1a64=3daf43c19336546e
CN1SS:INFO:suite finished test=SmoothScrollScreenshotTest
CN1SS:INFO:suite starting test=StickyHeaderScreenshotTest
CN1SS:INFO:stage=prepared test=StickyHeaderScreenshotTest
CN1SS:INFO:stage=ran test=StickyHeaderScreenshotTest
CN1SS:INFO:stage=awaiting test=StickyHeaderScreenshotTest
CN1SS:INFO:test=StickyHeaderScreenshotTest png_bytes=15835 png_fnv1a64=20df9e26f8446f72
CN1SS:INFO:suite finished test=StickyHeaderScreenshotTest
CN1SS:INFO:suite starting test=StickyHeaderSlideTransitionScreenshotTest
CN1SS:INFO:stage=prepared test=StickyHeaderSlideTransitionScreenshotTest
CN1SS:INFO:stage=ran test=StickyHeaderSlideTransitionScreenshotTest
CN1SS:INFO:stage=awaiting test=StickyHeaderSlideTransitionScreenshotTest
CN1SS:INFO:test=StickyHeaderSlideTransitionScreenshotTest png_bytes=17274 png_fnv1a64=4ecbd65edf3f7b2f
CN1SS:INFO:suite finished test=StickyHeaderSlideTransitionScreenshotTest
CN1SS:INFO:suite starting test=StickyHeaderFadeTransitionScreenshotTest
CN1SS:INFO:stage=prepared test=StickyHeaderFadeTransitionScreenshotTest
CN1SS:INFO:stage=ran test=StickyHeaderFadeTransitionScreenshotTest
CN1SS:INFO:stage=awaiting test=StickyHeaderFadeTransitionScreenshotTest
CN1SS:INFO:test=StickyHeaderFadeTransitionScreenshotTest png_bytes=17217 png_fnv1a64=f17c2992d40863e2
CN1SS:INFO:suite finished test=StickyHeaderFadeTransitionScreenshotTest
CN1SS:INFO:suite starting test=TensileBounceScreenshotTest
CN1SS:INFO:stage=prepared test=TensileBounceScreenshotTest
CN1SS:INFO:stage=ran test=TensileBounceScreenshotTest
CN1SS:INFO:stage=awaiting test=TensileBounceScreenshotTest
CN1SS:INFO:test=TensileBounceScreenshotTest png_bytes=13376 png_fnv1a64=da5f46bca387be25
CN1SS:INFO:suite finished test=TensileBounceScreenshotTest
CN1SS:INFO:suite starting test=StatusBarTapDiagnosticScreenshotTest
CN1SS:INFO:stage=prepared test=StatusBarTapDiagnosticScreenshotTest
CN1SS:INFO:test=StatusBarTapDiagnosticScreenshotTest png_bytes=9818 png_fnv1a64=8f06d5ca71e3e331
CN1SS:INFO:stage=ran test=StatusBarTapDiagnosticScreenshotTest
CN1SS:INFO:stage=awaiting test=StatusBarTapDiagnosticScreenshotTest
CN1SS:INFO:suite finished test=StatusBarTapDiagnosticScreenshotTest
CN1SS:INFO:suite starting test=ComponentReplaceFadeScreenshotTest
CN1SS:INFO:stage=prepared test=ComponentReplaceFadeScreenshotTest
CN1SS:INFO:stage=ran test=ComponentReplaceFadeScreenshotTest
CN1SS:INFO:stage=awaiting test=ComponentReplaceFadeScreenshotTest
CN1SS:INFO:test=ComponentReplaceFadeScreenshotTest png_bytes=12625 png_fnv1a64=8d35472e81088413
CN1SS:INFO:suite finished test=ComponentReplaceFadeScreenshotTest
CN1SS:INFO:suite starting test=ComponentReplaceSlideScreenshotTest
CN1SS:INFO:stage=prepared test=ComponentReplaceSlideScreenshotTest
CN1SS:INFO:stage=ran test=ComponentReplaceSlideScreenshotTest
CN1SS:INFO:stage=awaiting test=ComponentReplaceSlideScreenshotTest
CN1SS:INFO:test=ComponentReplaceSlideScreenshotTest png_bytes=8239 png_fnv1a64=f4cf0c7f5ef09570
CN1SS:INFO:suite finished test=ComponentReplaceSlideScreenshotTest
CN1SS:INFO:suite starting test=ComponentReplaceFlipScreenshotTest
CN1SS:INFO:stage=prepared test=ComponentReplaceFlipScreenshotTest
CN1SS:INFO:stage=ran test=ComponentReplaceFlipScreenshotTest
CN1SS:INFO:stage=awaiting test=ComponentReplaceFlipScreenshotTest
CN1SS:INFO:test=ComponentReplaceFlipScreenshotTest png_bytes=9090 png_fnv1a64=b61cf94568cda829
CN1SS:INFO:suite finished test=ComponentReplaceFlipScreenshotTest
CN1SS:INFO:suite starting test=MotionShowcaseScreenshotTest
CN1SS:INFO:stage=prepared test=MotionShowcaseScreenshotTest
CN1SS:INFO:stage=ran test=MotionShowcaseScreenshotTest
CN1SS:INFO:stage=awaiting test=MotionShowcaseScreenshotTest
CN1SS:INFO:test=MotionShowcaseScreenshotTest png_bytes=14653 png_fnv1a64=3816c9d3e51734db
CN1SS:INFO:suite finished test=MotionShowcaseScreenshotTest
CN1SS:INFO:suite starting test=DrawLine
CN1SS:INFO:stage=prepared test=DrawLine
CN1SS:INFO:stage=ran test=DrawLine
CN1SS:INFO:stage=awaiting test=DrawLine
CN1SS:INFO:test=graphics-draw-line png_bytes=193588 png_fnv1a64=5186ef26792afc99
CN1SS:INFO:suite finished test=DrawLine
CN1SS:INFO:suite starting test=FillRect
CN1SS:INFO:stage=prepared test=FillRect
CN1SS:INFO:stage=ran test=FillRect
CN1SS:INFO:stage=awaiting test=FillRect
CN1SS:INFO:test=graphics-fill-rect png_bytes=10595 png_fnv1a64=5361f915bfa00920
CN1SS:INFO:suite finished test=FillRect
CN1SS:INFO:suite starting test=DrawRect
CN1SS:INFO:stage=prepared test=DrawRect
CN1SS:INFO:stage=ran test=DrawRect
CN1SS:INFO:stage=awaiting test=DrawRect
CN1SS:INFO:test=graphics-draw-rect png_bytes=14709 png_fnv1a64=0a90ea00b9975ca3
CN1SS:INFO:suite finished test=DrawRect
CN1SS:INFO:suite starting test=FillRoundRect
CN1SS:INFO:stage=prepared test=FillRoundRect
CN1SS:INFO:stage=ran test=FillRoundRect
CN1SS:INFO:stage=awaiting test=FillRoundRect
CN1SS:INFO:test=graphics-fill-round-rect png_bytes=14782 png_fnv1a64=07e75dd328578e52
CN1SS:INFO:suite finished test=FillRoundRect
CN1SS:INFO:suite starting test=DrawRoundRect
CN1SS:INFO:stage=prepared test=DrawRoundRect
CN1SS:INFO:stage=ran test=DrawRoundRect
CN1SS:INFO:stage=awaiting test=DrawRoundRect
CN1SS:INFO:test=graphics-draw-round-rect png_bytes=31411 png_fnv1a64=3bef30c3c70e9c89
CN1SS:INFO:suite finished test=DrawRoundRect
CN1SS:INFO:suite starting test=FillArc
CN1SS:INFO:stage=prepared test=FillArc
CN1SS:INFO:stage=ran test=FillArc
CN1SS:INFO:stage=awaiting test=FillArc
CN1SS:INFO:test=graphics-fill-arc png_bytes=105702 png_fnv1a64=a0f3be810cbecc45
CN1SS:INFO:suite finished test=FillArc
CN1SS:INFO:suite starting test=DrawArc
CN1SS:INFO:stage=prepared test=DrawArc
CN1SS:INFO:stage=ran test=DrawArc
CN1SS:INFO:stage=awaiting test=DrawArc
CN1SS:INFO:test=graphics-draw-arc png_bytes=184918 png_fnv1a64=bb8682e6c6628af7
CN1SS:INFO:suite finished test=DrawArc
CN1SS:INFO:suite starting test=DrawString
CN1SS:INFO:stage=prepared test=DrawString
CN1SS:INFO:stage=ran test=DrawString
CN1SS:INFO:stage=awaiting test=DrawString
CN1SS:INFO:test=graphics-draw-string png_bytes=43182 png_fnv1a64=d3a0e33a66abddbb
CN1SS:INFO:suite finished test=DrawString
CN1SS:INFO:suite starting test=DrawImage
CN1SS:INFO:stage=prepared test=DrawImage
CN1SS:INFO:stage=ran test=DrawImage
CN1SS:INFO:stage=awaiting test=DrawImage
CN1SS:INFO:test=graphics-draw-image-rect png_bytes=77503 png_fnv1a64=7ec6ca58a578c318
CN1SS:INFO:suite finished test=DrawImage
CN1SS:INFO:suite starting test=DrawStringDecorated
CN1SS:INFO:stage=prepared test=DrawStringDecorated
CN1SS:INFO:stage=ran test=DrawStringDecorated
CN1SS:INFO:stage=awaiting test=DrawStringDecorated
CN1SS:INFO:test=graphics-draw-string-decorated png_bytes=50549 png_fnv1a64=79c326d2ebc72cdf
CN1SS:INFO:suite finished test=DrawStringDecorated
CN1SS:INFO:suite starting test=DrawGradient
CN1SS:INFO:stage=prepared test=DrawGradient
CN1SS:INFO:stage=ran test=DrawGradient
CN1SS:INFO:stage=awaiting test=DrawGradient
CN1SS:INFO:test=graphics-draw-gradient png_bytes=67983 png_fnv1a64=bd5f0362a7b867af
CN1SS:INFO:suite finished test=DrawGradient
CN1SS:INFO:suite starting test=DrawGradientStops
CN1SS:INFO:stage=prepared test=DrawGradientStops
CN1SS:INFO:stage=ran test=DrawGradientStops
CN1SS:INFO:stage=awaiting test=DrawGradientStops
CN1SS:INFO:test=graphics-draw-gradient-stops png_bytes=95819 png_fnv1a64=b1751be8201dd2a5
CN1SS:INFO:suite finished test=DrawGradientStops
CN1SS:INFO:suite starting test=GaussianBlur
CN1SS:INFO:stage=prepared test=GaussianBlur
CN1SS:INFO:stage=ran test=GaussianBlur
CN1SS:INFO:stage=awaiting test=GaussianBlur
CN1SS:INFO:test=graphics-gaussian-blur png_bytes=17014 png_fnv1a64=45cadf92b880e2b7
CN1SS:INFO:suite finished test=GaussianBlur
CN1SS:INFO:suite starting test=FillPolygon
CN1SS:INFO:stage=prepared test=FillPolygon
CN1SS:INFO:stage=ran test=FillPolygon
CN1SS:INFO:stage=awaiting test=FillPolygon
CN1SS:INFO:test=graphics-fill-polygon png_bytes=14613 png_fnv1a64=7d54ffa284342d26
CN1SS:INFO:suite finished test=FillPolygon
CN1SS:INFO:suite starting test=AffineScale
CN1SS:INFO:stage=prepared test=AffineScale
CN1SS:INFO:stage=ran test=AffineScale
CN1SS:INFO:stage=awaiting test=AffineScale
CN1SS:INFO:test=graphics-affine-scale png_bytes=17078 png_fnv1a64=6c445775683fabb1
CN1SS:INFO:suite finished test=AffineScale
CN1SS:INFO:suite starting test=Scale
CN1SS:INFO:stage=prepared test=Scale
CN1SS:INFO:stage=ran test=Scale
CN1SS:INFO:stage=awaiting test=Scale
CN1SS:INFO:test=graphics-scale png_bytes=16545 png_fnv1a64=004cf30e3f9e70f6
CN1SS:INFO:suite finished test=Scale
CN1SS:INFO:suite starting test=FillTriangle
CN1SS:INFO:stage=prepared test=FillTriangle
CN1SS:INFO:stage=ran test=FillTriangle
CN1SS:INFO:stage=awaiting test=FillTriangle
CN1SS:INFO:test=graphics-fill-triangle png_bytes=25310 png_fnv1a64=641cd42d6438bdaa
CN1SS:INFO:suite finished test=FillTriangle
CN1SS:INFO:suite starting test=DrawShape
CN1SS:INFO:stage=prepared test=DrawShape
CN1SS:INFO:stage=ran test=DrawShape
CN1SS:INFO:stage=awaiting test=DrawShape
CN1SS:INFO:test=graphics-draw-shape png_bytes=30704 png_fnv1a64=b1d01b7b678502d7
CN1SS:INFO:suite finished test=DrawShape
CN1SS:INFO:suite starting test=FillShape
CN1SS:INFO:stage=prepared test=FillShape
CN1SS:INFO:stage=ran test=FillShape
CN1SS:INFO:stage=awaiting test=FillShape
CN1SS:INFO:test=graphics-fill-shape png_bytes=25493 png_fnv1a64=b3d1e211b295da5c
CN1SS:INFO:suite finished test=FillShape
CN1SS:INFO:suite starting test=InscribedTriangleGrid
CN1SS:INFO:stage=prepared test=InscribedTriangleGrid
CN1SS:INFO:stage=ran test=InscribedTriangleGrid
CN1SS:INFO:stage=awaiting test=InscribedTriangleGrid
CN1SS:INFO:test=graphics-inscribed-triangle-grid png_bytes=37131 png_fnv1a64=0e2452002194b281
CN1SS:INFO:suite finished test=InscribedTriangleGrid
CN1SS:INFO:suite starting test=StrokeTest
CN1SS:INFO:stage=prepared test=StrokeTest
CN1SS:INFO:stage=ran test=StrokeTest
CN1SS:INFO:stage=awaiting test=StrokeTest
CN1SS:INFO:test=graphics-stroke-test png_bytes=13656 png_fnv1a64=e1e808dae0847373
CN1SS:INFO:suite finished test=StrokeTest
CN1SS:INFO:suite starting test=Clip
CN1SS:INFO:stage=prepared test=Clip
CN1SS:INFO:stage=ran test=Clip
CN1SS:INFO:stage=awaiting test=Clip
CN1SS:INFO:test=graphics-clip png_bytes=5683 png_fnv1a64=a7c61a91f7fc57e0
CN1SS:INFO:suite finished test=Clip
CN1SS:INFO:suite starting test=ClipUnderRotation
CN1SS:INFO:stage=prepared test=ClipUnderRotation
CN1SS:INFO:stage=ran test=ClipUnderRotation
CN1SS:INFO:stage=awaiting test=ClipUnderRotation
CN1SS:INFO:test=graphics-clip-under-rotation png_bytes=15914 png_fnv1a64=a6209f02941c78ba
CN1SS:INFO:suite finished test=ClipUnderRotation
CN1SS:INFO:suite starting test=EmptyClip
CN1SS:INFO:stage=prepared test=EmptyClip
CN1SS:INFO:stage=ran test=EmptyClip
CN1SS:INFO:stage=awaiting test=EmptyClip
CN1SS:INFO:test=graphics-empty-clip png_bytes=6665 png_fnv1a64=e001081ed0322f50
CN1SS:INFO:suite finished test=EmptyClip
CN1SS:INFO:suite starting test=PartialFlushClipEscape
CN1SS:INFO:stage=prepared test=PartialFlushClipEscape
CN1SS:INFO:stage=ran test=PartialFlushClipEscape
CN1SS:INFO:stage=awaiting test=PartialFlushClipEscape
CN1SS:INFO:test=graphics-partial-flush-clip-escape png_bytes=3035 png_fnv1a64=47d96d049086e2df
CN1SS:INFO:suite finished test=PartialFlushClipEscape
CN1SS:INFO:suite starting test=TileImage
CN1SS:INFO:stage=prepared test=TileImage
CN1SS:INFO:stage=ran test=TileImage
CN1SS:INFO:stage=awaiting test=TileImage
CN1SS:INFO:test=graphics-tile-image png_bytes=56580 png_fnv1a64=4b03b3ce6215ef75
CN1SS:INFO:suite finished test=TileImage
CN1SS:INFO:suite starting test=Rotate
CN1SS:INFO:stage=prepared test=Rotate
CN1SS:INFO:stage=ran test=Rotate
CN1SS:INFO:stage=awaiting test=Rotate
CN1SS:INFO:test=graphics-rotate png_bytes=8719 png_fnv1a64=386cbc3bfce352ce
CN1SS:INFO:suite finished test=Rotate
CN1SS:INFO:suite starting test=TransformTranslation
CN1SS:INFO:stage=prepared test=TransformTranslation
CN1SS:INFO:stage=ran test=TransformTranslation
CN1SS:INFO:stage=awaiting test=TransformTranslation
CN1SS:INFO:test=graphics-transform-translation png_bytes=7763 png_fnv1a64=7d387f5c31903c61
CN1SS:INFO:suite finished test=TransformTranslation
CN1SS:INFO:suite starting test=TransformRotation
CN1SS:INFO:stage=prepared test=TransformRotation
CN1SS:INFO:stage=ran test=TransformRotation
CN1SS:INFO:stage=awaiting test=TransformRotation
CN1SS:INFO:test=graphics-transform-rotation png_bytes=8892 png_fnv1a64=4dd3b06c788ca6b5
CN1SS:INFO:suite finished test=TransformRotation
CN1SS:INFO:suite starting test=TransformPerspective
CN1SS:INFO:stage=prepared test=TransformPerspective
CN1SS:INFO:stage=ran test=TransformPerspective
CN1SS:INFO:stage=awaiting test=TransformPerspective
CN1SS:INFO:test=graphics-transform-perspective png_bytes=10350 png_fnv1a64=17c5c61e519ad91d
CN1SS:INFO:suite finished test=TransformPerspective
CN1SS:INFO:suite starting test=TransformCamera
CN1SS:INFO:stage=prepared test=TransformCamera
CN1SS:INFO:stage=ran test=TransformCamera
CN1SS:INFO:stage=awaiting test=TransformCamera
CN1SS:INFO:test=graphics-transform-camera png_bytes=10437 png_fnv1a64=fb8c7218826a3a89
CN1SS:INFO:suite finished test=TransformCamera
CN1SS:INFO:suite starting test=LargeStrokeDirtyClipTest
CN1SS:INFO:stage=prepared test=LargeStrokeDirtyClipTest
CN1SS:INFO:stage=ran test=LargeStrokeDirtyClipTest
CN1SS:INFO:stage=awaiting test=LargeStrokeDirtyClipTest
CN1SS:INFO:test=graphics-large-stroke-dirty-clip png_bytes=26526 png_fnv1a64=a27506ce9b5e76db
CN1SS:INFO:suite finished test=LargeStrokeDirtyClipTest
CN1SS:INFO:suite starting test=ChartLineScreenshotTest
CN1SS:INFO:stage=prepared test=ChartLineScreenshotTest
CN1SS:INFO:stage=ran test=ChartLineScreenshotTest
CN1SS:INFO:stage=awaiting test=ChartLineScreenshotTest
CN1SS:INFO:test=chart-line png_bytes=29930 png_fnv1a64=dd6f9b424e05b8c7
CN1SS:INFO:suite finished test=ChartLineScreenshotTest
CN1SS:INFO:suite starting test=ChartCubicLineScreenshotTest
CN1SS:INFO:stage=prepared test=ChartCubicLineScreenshotTest
CN1SS:INFO:stage=ran test=ChartCubicLineScreenshotTest
CN1SS:INFO:stage=awaiting test=ChartCubicLineScreenshotTest
CN1SS:INFO:test=chart-cubic-line png_bytes=24327 png_fnv1a64=e375ff2f14222e90
CN1SS:INFO:suite finished test=ChartCubicLineScreenshotTest
CN1SS:INFO:suite starting test=ChartBarScreenshotTest
CN1SS:INFO:stage=prepared test=ChartBarScreenshotTest
CN1SS:INFO:stage=ran test=ChartBarScreenshotTest
CN1SS:INFO:stage=awaiting test=ChartBarScreenshotTest
CN1SS:INFO:test=chart-bar png_bytes=13148 png_fnv1a64=677dbe3a8477b424
CN1SS:INFO:suite finished test=ChartBarScreenshotTest
CN1SS:INFO:suite starting test=ChartStackedBarScreenshotTest
CN1SS:INFO:stage=prepared test=ChartStackedBarScreenshotTest
CN1SS:INFO:stage=ran test=ChartStackedBarScreenshotTest
CN1SS:INFO:stage=awaiting test=ChartStackedBarScreenshotTest
CN1SS:INFO:test=chart-bar-stacked png_bytes=15990 png_fnv1a64=ba9aade93d583a9d
CN1SS:INFO:suite finished test=ChartStackedBarScreenshotTest
CN1SS:INFO:suite starting test=ChartRangeBarScreenshotTest
CN1SS:INFO:stage=prepared test=ChartRangeBarScreenshotTest
CN1SS:INFO:stage=ran test=ChartRangeBarScreenshotTest
CN1SS:INFO:stage=awaiting test=ChartRangeBarScreenshotTest
CN1SS:INFO:test=chart-range-bar png_bytes=13489 png_fnv1a64=730bad8a9f43295c
CN1SS:INFO:suite finished test=ChartRangeBarScreenshotTest
CN1SS:INFO:suite starting test=ChartScatterScreenshotTest
CN1SS:INFO:stage=prepared test=ChartScatterScreenshotTest
CN1SS:INFO:stage=ran test=ChartScatterScreenshotTest
CN1SS:INFO:stage=awaiting test=ChartScatterScreenshotTest
CN1SS:INFO:test=chart-scatter png_bytes=13994 png_fnv1a64=ef191cf5dc4faed9
CN1SS:INFO:suite finished test=ChartScatterScreenshotTest
CN1SS:INFO:suite starting test=ChartBubbleScreenshotTest
CN1SS:INFO:stage=prepared test=ChartBubbleScreenshotTest
CN1SS:INFO:stage=ran test=ChartBubbleScreenshotTest
CN1SS:INFO:stage=awaiting test=ChartBubbleScreenshotTest
CN1SS:INFO:test=chart-bubble png_bytes=15887 png_fnv1a64=55462ed677caf290
CN1SS:INFO:suite finished test=ChartBubbleScreenshotTest
CN1SS:INFO:suite starting test=ChartPieScreenshotTest
CN1SS:INFO:stage=prepared test=ChartPieScreenshotTest
CN1SS:INFO:stage=ran test=ChartPieScreenshotTest
CN1SS:INFO:stage=awaiting test=ChartPieScreenshotTest
CN1SS:INFO:test=chart-pie png_bytes=26213 png_fnv1a64=80d32334be8f1e18
CN1SS:INFO:suite finished test=ChartPieScreenshotTest
CN1SS:INFO:suite starting test=ChartDoughnutScreenshotTest
CN1SS:INFO:stage=prepared test=ChartDoughnutScreenshotTest
CN1SS:INFO:stage=ran test=ChartDoughnutScreenshotTest
CN1SS:INFO:stage=awaiting test=ChartDoughnutScreenshotTest
CN1SS:INFO:test=chart-doughnut png_bytes=31971 png_fnv1a64=54e7b5a6a49f148f
CN1SS:INFO:suite finished test=ChartDoughnutScreenshotTest
CN1SS:INFO:suite starting test=ChartRadarScreenshotTest
CN1SS:INFO:stage=prepared test=ChartRadarScreenshotTest
CN1SS:INFO:stage=ran test=ChartRadarScreenshotTest
CN1SS:INFO:stage=awaiting test=ChartRadarScreenshotTest
CN1SS:INFO:test=chart-radar png_bytes=40568 png_fnv1a64=15472f725688ba1e
CN1SS:INFO:suite finished test=ChartRadarScreenshotTest
CN1SS:INFO:suite starting test=ChartTimeChartScreenshotTest
CN1SS:INFO:stage=prepared test=ChartTimeChartScreenshotTest
CN1SS:INFO:stage=ran test=ChartTimeChartScreenshotTest
CN1SS:INFO:stage=awaiting test=ChartTimeChartScreenshotTest
CN1SS:INFO:test=chart-time png_bytes=26054 png_fnv1a64=f45a3b4573afd19b
CN1SS:INFO:suite finished test=ChartTimeChartScreenshotTest
CN1SS:INFO:suite starting test=ChartCombinedXYScreenshotTest
CN1SS:INFO:stage=prepared test=ChartCombinedXYScreenshotTest
CN1SS:INFO:stage=ran test=ChartCombinedXYScreenshotTest
CN1SS:INFO:stage=awaiting test=ChartCombinedXYScreenshotTest
CN1SS:INFO:test=chart-combined-xy png_bytes=23024 png_fnv1a64=c0101e54339f5b64
CN1SS:INFO:suite finished test=ChartCombinedXYScreenshotTest
CN1SS:INFO:suite starting test=ChartTransformScreenshotTest
CN1SS:INFO:stage=prepared test=ChartTransformScreenshotTest
CN1SS:INFO:stage=ran test=ChartTransformScreenshotTest
CN1SS:INFO:stage=awaiting test=ChartTransformScreenshotTest
CN1SS:INFO:test=chart-transform png_bytes=17812 png_fnv1a64=a48630cfd418696d
CN1SS:INFO:suite finished test=ChartTransformScreenshotTest
CN1SS:INFO:suite starting test=ChartRotatedScreenshotTest
CN1SS:INFO:stage=prepared test=ChartRotatedScreenshotTest
CN1SS:INFO:stage=ran test=ChartRotatedScreenshotTest
CN1SS:INFO:stage=awaiting test=ChartRotatedScreenshotTest
CN1SS:INFO:test=chart-rotated-pie png_bytes=36388 png_fnv1a64=06f01b059cc3dd5c
CN1SS:INFO:suite finished test=ChartRotatedScreenshotTest
CN1SS:INFO:suite starting test=BrowserComponentScreenshotTest
CN1SS:INFO:stage=prepared test=BrowserComponentScreenshotTest
CN1SS:INFO:stage=ran test=BrowserComponentScreenshotTest
CN1SS:INFO:stage=awaiting test=BrowserComponentScreenshotTest
CN1SS:INFO:test=BrowserComponent png_bytes=11786 png_fnv1a64=483ac2b35124a4eb
CN1SS:INFO:suite finished test=BrowserComponentScreenshotTest
CN1SS:INFO:suite starting test=RichTextAreaScreenshotTest
CN1SS:INFO:stage=prepared test=RichTextAreaScreenshotTest
CN1SS:INFO:stage=ran test=RichTextAreaScreenshotTest
CN1SS:INFO:stage=awaiting test=RichTextAreaScreenshotTest
CN1SS:INFO:test=RichTextArea png_bytes=14595 png_fnv1a64=16293e8783777536
CN1SS:INFO:suite finished test=RichTextAreaScreenshotTest
CN1SS:INFO:suite starting test=CodeEditorScreenshotTest
CN1SS:INFO:stage=prepared test=CodeEditorScreenshotTest
CN1SS:INFO:stage=ran test=CodeEditorScreenshotTest
CN1SS:INFO:stage=awaiting test=CodeEditorScreenshotTest
CN1SS:INFO:test=CodeEditor png_bytes=17102 png_fnv1a64=bb27a89e57ec3ea1
CN1SS:INFO:suite finished test=CodeEditorScreenshotTest
CN1SS:INFO:suite starting test=PureEditorScreenshotTest
CN1SS:INFO:stage=prepared test=PureEditorScreenshotTest
CN1SS:INFO:stage=ran test=PureEditorScreenshotTest
CN1SS:INFO:stage=awaiting test=PureEditorScreenshotTest
CN1SS:INFO:test=PureEditors png_bytes=13712 png_fnv1a64=4d6d898c1f964d7d
CN1SS:INFO:suite finished test=PureEditorScreenshotTest
CN1SS:INFO:suite starting test=MediaPlaybackScreenshotTest
CN1SS:INFO:stage=prepared test=MediaPlaybackScreenshotTest
CN1SS:INFO:stage=ran test=MediaPlaybackScreenshotTest
CN1SS:INFO:stage=awaiting test=MediaPlaybackScreenshotTest
CN1SS:INFO:test=MediaPlayback png_bytes=9172 png_fnv1a64=8697db2f7555af51
CN1SS:INFO:suite finished test=MediaPlaybackScreenshotTest
CN1SS:INFO:suite starting test=SheetScreenshotTest
CN1SS:INFO:stage=prepared test=SheetScreenshotTest
CN1SS:INFO:stage=ran test=SheetScreenshotTest
CN1SS:INFO:stage=awaiting test=SheetScreenshotTest
CN1SS:INFO:test=Sheet png_bytes=11047 png_fnv1a64=9a062acfbfdec0a1
CN1SS:INFO:suite finished test=SheetScreenshotTest
CN1SS:INFO:suite starting test=SheetSlideUpAnimationScreenshotTest
CN1SS:INFO:stage=prepared test=SheetSlideUpAnimationScreenshotTest
CN1SS:INFO:stage=ran test=SheetSlideUpAnimationScreenshotTest
CN1SS:INFO:stage=awaiting test=SheetSlideUpAnimationScreenshotTest
CN1SS:INFO:test=SheetSlideUpAnimationScreenshotTest png_bytes=14419 png_fnv1a64=aa4e74a850bed813
CN1SS:INFO:suite finished test=SheetSlideUpAnimationScreenshotTest
CN1SS:INFO:suite starting test=ChatViewScreenshotTest
CN1SS:INFO:stage=prepared test=ChatViewScreenshotTest
CN1SS:INFO:DualAppearance no modern theme resource for platform=win
CN1SS:INFO:DualAppearance no modern theme resource for platform=win
CN1SS:INFO:stage=ran test=ChatViewScreenshotTest
CN1SS:INFO:stage=awaiting test=ChatViewScreenshotTest
CN1SS:INFO:test=ChatView_light png_bytes=20471 png_fnv1a64=849f9e5b86538133
CN1SS:INFO:test=ChatView_dark png_bytes=20831 png_fnv1a64=51fc5a9cd1cceb96
CN1SS:INFO:suite finished test=ChatViewScreenshotTest
CN1SS:INFO:suite starting test=ChatInputScreenshotTest
CN1SS:INFO:stage=prepared test=ChatInputScreenshotTest
CN1SS:INFO:DualAppearance no modern theme resource for platform=win
CN1SS:INFO:DualAppearance no modern theme resource for platform=win
CN1SS:INFO:stage=ran test=ChatInputScreenshotTest
CN1SS:INFO:stage=awaiting test=ChatInputScreenshotTest
CN1SS:INFO:test=ChatInput_light png_bytes=9427 png_fnv1a64=47a78e6d601f7a20
CN1SS:INFO:test=ChatInput_dark png_bytes=9389 png_fnv1a64=fa6c55fe509837d1
CN1SS:INFO:suite finished test=ChatInputScreenshotTest
CN1SS:INFO:suite starting test=ImageViewerNavigationScreenshotTest
CN1SS:INFO:stage=prepared test=ImageViewerNavigationScreenshotTest
CN1SS:INFO:stage=ran test=ImageViewerNavigationScreenshotTest
CN1SS:INFO:stage=awaiting test=ImageViewerNavigationScreenshotTest
CN1SS:INFO:test=ImageViewerNavigationModes png_bytes=13460 png_fnv1a64=1dccd9cf7241e52d
CN1SS:INFO:suite finished test=ImageViewerNavigationScreenshotTest
CN1SS:INFO:suite starting test=TabsScreenshotTest
CN1SS:INFO:stage=prepared test=TabsScreenshotTest
CN1SS:INFO:stage=ran test=TabsScreenshotTest
CN1SS:INFO:stage=awaiting test=TabsScreenshotTest
CN1SS:INFO:test=TabsBehavior png_bytes=16747 png_fnv1a64=5f753cde99145f08
CN1SS:INFO:suite finished test=TabsScreenshotTest
CN1SS:INFO:suite starting test=TextAreaAlignmentScreenshotTest
CN1SS:INFO:stage=prepared test=TextAreaAlignmentScreenshotTest
CN1SS:INFO:stage=ran test=TextAreaAlignmentScreenshotTest
CN1SS:INFO:stage=awaiting test=TextAreaAlignmentScreenshotTest
CN1SS:INFO:test=TextAreaAlignmentStates png_bytes=19904 png_fnv1a64=d33577334b672a77
CN1SS:INFO:suite finished test=TextAreaAlignmentScreenshotTest
CN1SS:INFO:suite starting test=ValidatorLightweightPickerScreenshotTest
CN1SS:INFO:stage=prepared test=ValidatorLightweightPickerScreenshotTest
CN1SS:INFO:stage=ran test=ValidatorLightweightPickerScreenshotTest
CN1SS:INFO:stage=awaiting test=ValidatorLightweightPickerScreenshotTest
CN1SS:INFO:test=ValidatorLightweightPicker png_bytes=16711 png_fnv1a64=0ed39611361c4742
CN1SS:INFO:suite finished test=ValidatorLightweightPickerScreenshotTest
CN1SS:INFO:suite starting test=LightweightPickerButtonsScreenshotTest
CN1SS:INFO:stage=prepared test=LightweightPickerButtonsScreenshotTest
CN1SS:INFO:stage=ran test=LightweightPickerButtonsScreenshotTest
CN1SS:INFO:stage=awaiting test=LightweightPickerButtonsScreenshotTest
CN1SS:INFO:test=LightweightPickerButtons png_bytes=14688 png_fnv1a64=df9d6847af3fe55c
CN1SS:INFO:test=LightweightPickerButtons_between_mixed png_bytes=13659 png_fnv1a64=be15c20ae83b9006
CN1SS:INFO:test=LightweightPickerButtons_above_center png_bytes=14067 png_fnv1a64=020da0020390b7a3
CN1SS:INFO:test=LightweightPickerButtons_below_right png_bytes=14186 png_fnv1a64=680225d18bf39ae8
CN1SS:INFO:suite finished test=LightweightPickerButtonsScreenshotTest
CN1SS:INFO:suite starting test=PickerCancelRestoreTest
CN1SS:INFO:stage=prepared test=PickerCancelRestoreTest
CN1SS:INFO:stage=ran test=PickerCancelRestoreTest
CN1SS:INFO:stage=awaiting test=PickerCancelRestoreTest
CN1SS:INFO:test=PickerCancelRestoreTest screenshot=none
CN1SS:INFO:suite finished test=PickerCancelRestoreTest
CN1SS:INFO:suite starting test=ToastBarTopPositionScreenshotTest
CN1SS:INFO:stage=prepared test=ToastBarTopPositionScreenshotTest
CN1SS:INFO:stage=ran test=ToastBarTopPositionScreenshotTest
CN1SS:INFO:stage=awaiting test=ToastBarTopPositionScreenshotTest
CN1SS:INFO:test=ToastBarTopPosition png_bytes=9740 png_fnv1a64=b0936a53b5e31a73
CN1SS:INFO:suite finished test=ToastBarTopPositionScreenshotTest
CN1SS:INFO:suite starting test=ButtonThemeScreenshotTest
CN1SS:INFO:stage=prepared test=ButtonThemeScreenshotTest
CN1SS:INFO:DualAppearance no modern theme resource for platform=win
CN1SS:INFO:DualAppearance no modern theme resource for platform=win
CN1SS:INFO:stage=ran test=ButtonThemeScreenshotTest
CN1SS:INFO:stage=awaiting test=ButtonThemeScreenshotTest
CN1SS:INFO:test=ButtonTheme_light png_bytes=16700 png_fnv1a64=4ada47d678466300
CN1SS:INFO:test=ButtonTheme_dark png_bytes=17285 png_fnv1a64=12c5922c43c7c695
CN1SS:INFO:suite finished test=ButtonThemeScreenshotTest
CN1SS:INFO:suite starting test=TextFieldThemeScreenshotTest
CN1SS:INFO:stage=prepared test=TextFieldThemeScreenshotTest
CN1SS:INFO:DualAppearance no modern theme resource for platform=win
CN1SS:INFO:DualAppearance no modern theme resource for platform=win
CN1SS:INFO:stage=ran test=TextFieldThemeScreenshotTest
CN1SS:INFO:stage=awaiting test=TextFieldThemeScreenshotTest
CN1SS:INFO:test=TextFieldTheme_light png_bytes=11884 png_fnv1a64=3b341d74195005df
CN1SS:INFO:test=TextFieldTheme_dark png_bytes=12229 png_fnv1a64=45727db449410774
CN1SS:INFO:suite finished test=TextFieldThemeScreenshotTest
CN1SS:INFO:suite starting test=CheckBoxRadioThemeScreenshotTest
CN1SS:INFO:stage=prepared test=CheckBoxRadioThemeScreenshotTest
CN1SS:INFO:DualAppearance no modern theme resource for platform=win
CN1SS:INFO:DualAppearance no modern theme resource for platform=win
CN1SS:INFO:stage=ran test=CheckBoxRadioThemeScreenshotTest
CN1SS:INFO:stage=awaiting test=CheckBoxRadioThemeScreenshotTest
CN1SS:INFO:test=CheckBoxRadioTheme_light png_bytes=12444 png_fnv1a64=d8a0422ef011270c
CN1SS:INFO:test=CheckBoxRadioTheme_dark png_bytes=12498 png_fnv1a64=732fffda72964799
CN1SS:INFO:suite finished test=CheckBoxRadioThemeScreenshotTest
CN1SS:INFO:suite starting test=SwitchThemeScreenshotTest
CN1SS:INFO:stage=prepared test=SwitchThemeScreenshotTest
CN1SS:INFO:DualAppearance no modern theme resource for platform=win
CN1SS:INFO:DualAppearance no modern theme resource for platform=win
CN1SS:INFO:stage=ran test=SwitchThemeScreenshotTest
CN1SS:INFO:stage=awaiting test=SwitchThemeScreenshotTest
CN1SS:INFO:test=SwitchTheme_light png_bytes=15731 png_fnv1a64=db4ac2e1bf039956
CN1SS:INFO:test=SwitchTheme_dark png_bytes=15785 png_fnv1a64=db9c5e2f2cc3b961
CN1SS:INFO:suite finished test=SwitchThemeScreenshotTest
CN1SS:INFO:suite starting test=PickerThemeScreenshotTest
CN1SS:INFO:stage=prepared test=PickerThemeScreenshotTest
CN1SS:INFO:DualAppearance no modern theme resource for platform=win
CN1SS:INFO:DualAppearance no modern theme resource for platform=win
CN1SS:INFO:stage=ran test=PickerThemeScreenshotTest
CN1SS:INFO:stage=awaiting test=PickerThemeScreenshotTest
CN1SS:INFO:test=PickerTheme_light png_bytes=8062 png_fnv1a64=ce2721faa67dda10
CN1SS:INFO:test=PickerTheme_dark png_bytes=8033 png_fnv1a64=cbb9c4eeba1474d7
CN1SS:INFO:suite finished test=PickerThemeScreenshotTest
CN1SS:INFO:suite starting test=ToolbarThemeScreenshotTest
CN1SS:INFO:stage=prepared test=ToolbarThemeScreenshotTest
CN1SS:INFO:DualAppearance no modern theme resource for platform=win
CN1SS:INFO:DualAppearance no modern theme resource for platform=win
CN1SS:INFO:stage=ran test=ToolbarThemeScreenshotTest
CN1SS:INFO:stage=awaiting test=ToolbarThemeScreenshotTest
CN1SS:INFO:test=ToolbarTheme_light png_bytes=7450 png_fnv1a64=c391f34687c0d4d7
CN1SS:INFO:test=ToolbarTheme_dark png_bytes=7382 png_fnv1a64=b83e76ca740de2a7
CN1SS:INFO:suite finished test=ToolbarThemeScreenshotTest
CN1SS:INFO:suite starting test=TabsThemeScreenshotTest
CN1SS:INFO:stage=prepared test=TabsThemeScreenshotTest
CN1SS:INFO:DualAppearance no modern theme resource for platform=win
CN1SS:INFO:DualAppearance no modern theme resource for platform=win
CN1SS:INFO:stage=ran test=TabsThemeScreenshotTest
CN1SS:INFO:stage=awaiting test=TabsThemeScreenshotTest
CN1SS:INFO:test=TabsTheme_light png_bytes=11046 png_fnv1a64=65845741eb17aca5
CN1SS:INFO:test=TabsTheme_dark png_bytes=11637 png_fnv1a64=39e8862c68db004b
CN1SS:INFO:suite finished test=TabsThemeScreenshotTest
CN1SS:INFO:suite starting test=MultiButtonThemeScreenshotTest
CN1SS:INFO:stage=prepared test=MultiButtonThemeScreenshotTest
CN1SS:INFO:DualAppearance no modern theme resource for platform=win
CN1SS:INFO:DualAppearance no modern theme resource for platform=win
CN1SS:INFO:stage=ran test=MultiButtonThemeScreenshotTest
CN1SS:INFO:stage=awaiting test=MultiButtonThemeScreenshotTest
CN1SS:INFO:test=MultiButtonTheme_light png_bytes=12266 png_fnv1a64=2afaaa76941b8269
CN1SS:INFO:test=MultiButtonTheme_dark png_bytes=12560 png_fnv1a64=081bad1e48723bb4
CN1SS:INFO:suite finished test=MultiButtonThemeScreenshotTest
CN1SS:INFO:suite starting test=ListThemeScreenshotTest
CN1SS:INFO:stage=prepared test=ListThemeScreenshotTest
CN1SS:INFO:DualAppearance no modern theme resource for platform=win
CN1SS:INFO:DualAppearance no modern theme resource for platform=win
CN1SS:INFO:stage=ran test=ListThemeScreenshotTest
CN1SS:INFO:stage=awaiting test=ListThemeScreenshotTest
CN1SS:INFO:test=ListTheme_light png_bytes=9676 png_fnv1a64=22b17379653a2c2e
CN1SS:INFO:test=ListTheme_dark png_bytes=9608 png_fnv1a64=95499e36688ef397
CN1SS:INFO:suite finished test=ListThemeScreenshotTest
CN1SS:INFO:suite starting test=DialogThemeScreenshotTest
CN1SS:INFO:stage=prepared test=DialogThemeScreenshotTest
CN1SS:INFO:DualAppearance no modern theme resource for platform=win
CN1SS:INFO:DualAppearance no modern theme resource for platform=win
CN1SS:INFO:stage=ran test=DialogThemeScreenshotTest
CN1SS:INFO:stage=awaiting test=DialogThemeScreenshotTest
CN1SS:INFO:test=DialogTheme_light png_bytes=26762 png_fnv1a64=c5fe861499100080
CN1SS:INFO:test=DialogTheme_dark png_bytes=26330 png_fnv1a64=82d8bcfdee3b2053
CN1SS:INFO:suite finished test=DialogThemeScreenshotTest
CN1SS:INFO:suite starting test=CenteredDialogTitleScreenshotTest
CN1SS:INFO:stage=prepared test=CenteredDialogTitleScreenshotTest
CN1SS:INFO:DualAppearance no modern theme resource for platform=win
CN1SS:INFO:DualAppearance no modern theme resource for platform=win
CN1SS:INFO:stage=ran test=CenteredDialogTitleScreenshotTest
CN1SS:INFO:stage=awaiting test=CenteredDialogTitleScreenshotTest
CN1SS:INFO:test=CenteredDialogTitle_light png_bytes=26035 png_fnv1a64=7675e1222007a488
CN1SS:INFO:test=CenteredDialogTitle_dark png_bytes=25835 png_fnv1a64=4fd1b8474e384e92
CN1SS:INFO:suite finished test=CenteredDialogTitleScreenshotTest
CN1SS:INFO:suite starting test=CenteredInteractionDialogTitleScreenshotTest
CN1SS:INFO:stage=prepared test=CenteredInteractionDialogTitleScreenshotTest
CN1SS:INFO:DualAppearance no modern theme resource for platform=win
CN1SS:INFO:DualAppearance no modern theme resource for platform=win
CN1SS:INFO:stage=ran test=CenteredInteractionDialogTitleScreenshotTest
CN1SS:INFO:stage=awaiting test=CenteredInteractionDialogTitleScreenshotTest
CN1SS:INFO:test=CenteredInteractionDialogTitle_light png_bytes=27553 png_fnv1a64=d183ec31c3c70561
CN1SS:INFO:test=CenteredInteractionDialogTitle_dark png_bytes=27019 png_fnv1a64=6c7d4287a84fdd3c
CN1SS:INFO:suite finished test=CenteredInteractionDialogTitleScreenshotTest
CN1SS:INFO:suite starting test=AppReviewDialogScreenshotTest
CN1SS:INFO:stage=prepared test=AppReviewDialogScreenshotTest
CN1SS:INFO:stage=ran test=AppReviewDialogScreenshotTest
CN1SS:INFO:stage=awaiting test=AppReviewDialogScreenshotTest
CN1SS:INFO:test=AppReviewDialog png_bytes=10770 png_fnv1a64=8d3822220a793f7d
CN1SS:INFO:suite finished test=AppReviewDialogScreenshotTest
CN1SS:INFO:suite starting test=FloatingActionButtonThemeScreenshotTest
CN1SS:INFO:stage=prepared test=FloatingActionButtonThemeScreenshotTest
CN1SS:INFO:DualAppearance no modern theme resource for platform=win
CN1SS:INFO:DualAppearance no modern theme resource for platform=win
CN1SS:INFO:stage=ran test=FloatingActionButtonThemeScreenshotTest
CN1SS:INFO:stage=awaiting test=FloatingActionButtonThemeScreenshotTest
CN1SS:INFO:test=FloatingActionButtonTheme_light png_bytes=9100 png_fnv1a64=89d136a0d141ac6e
CN1SS:INFO:test=FloatingActionButtonTheme_dark png_bytes=9070 png_fnv1a64=e060945ba0065317
CN1SS:INFO:suite finished test=FloatingActionButtonThemeScreenshotTest
CN1SS:INFO:suite starting test=SpanLabelThemeScreenshotTest
CN1SS:INFO:stage=prepared test=SpanLabelThemeScreenshotTest
CN1SS:INFO:DualAppearance no modern theme resource for platform=win
CN1SS:INFO:DualAppearance no modern theme resource for platform=win
CN1SS:INFO:stage=ran test=SpanLabelThemeScreenshotTest
CN1SS:INFO:stage=awaiting test=SpanLabelThemeScreenshotTest
CN1SS:INFO:test=SpanLabelTheme_light png_bytes=16570 png_fnv1a64=2d726d0ee99da536
CN1SS:INFO:test=SpanLabelTheme_dark png_bytes=16405 png_fnv1a64=4a4fb4505abfe30c
CN1SS:INFO:suite finished test=SpanLabelThemeScreenshotTest
CN1SS:INFO:suite starting test=DarkLightShowcaseThemeScreenshotTest
CN1SS:INFO:stage=prepared test=DarkLightShowcaseThemeScreenshotTest
CN1SS:INFO:DualAppearance no modern theme resource for platform=win
CN1SS:INFO:DualAppearance no modern theme resource for platform=win
CN1SS:INFO:stage=ran test=DarkLightShowcaseThemeScreenshotTest
CN1SS:INFO:stage=awaiting test=DarkLightShowcaseThemeScreenshotTest
CN1SS:INFO:test=ShowcaseTheme_light png_bytes=15277 png_fnv1a64=e79659baadb9c818
CN1SS:INFO:test=ShowcaseTheme_dark png_bytes=15366 png_fnv1a64=f417e8d7ab0505ca
CN1SS:INFO:suite finished test=DarkLightShowcaseThemeScreenshotTest
CN1SS:INFO:suite starting test=PaletteOverrideThemeScreenshotTest
CN1SS:INFO:stage=prepared test=PaletteOverrideThemeScreenshotTest
CN1SS:INFO:DualAppearance no modern theme resource for platform=win
CN1SS:INFO:DualAppearance no modern theme resource for platform=win
CN1SS:WARN:test=PaletteOverrideThemeScreenshotTest stale-accent-color=6750A4 (a previous test left an @accent-color constant in UIManager state)
CN1SS:INFO:stage=ran test=PaletteOverrideThemeScreenshotTest
CN1SS:INFO:stage=awaiting test=PaletteOverrideThemeScreenshotTest
CN1SS:INFO:test=PaletteOverrideTheme_light png_bytes=12522 png_fnv1a64=d8d4f5f018371d71
CN1SS:INFO:test=PaletteOverrideTheme_dark png_bytes=12937 png_fnv1a64=885fee7bcee8d84f
CN1SS:INFO:suite finished test=PaletteOverrideThemeScreenshotTest
CN1SS:INFO:suite starting test=CssGradientsScreenshotTest
CN1SS:INFO:stage=prepared test=CssGradientsScreenshotTest
CN1SS:INFO:stage=ran test=CssGradientsScreenshotTest
CN1SS:INFO:stage=awaiting test=CssGradientsScreenshotTest
CN1SS:INFO:test=css-gradients png_bytes=127769 png_fnv1a64=75a82f6740085665
CN1SS:INFO:suite finished test=CssGradientsScreenshotTest
CN1SS:INFO:suite starting test=CssFilterBlurScreenshotTest
CN1SS:INFO:stage=prepared test=CssFilterBlurScreenshotTest
CN1SS:INFO:stage=ran test=CssFilterBlurScreenshotTest
CN1SS:INFO:stage=awaiting test=CssFilterBlurScreenshotTest
CN1SS:INFO:test=CssFilterBlurScreenshotTest screenshot=none
CN1SS:INFO:suite finished test=CssFilterBlurScreenshotTest
CN1SS:INFO:suite starting test=SurfacesRasterizerScreenshotTest
CN1SS:INFO:stage=prepared test=SurfacesRasterizerScreenshotTest
CN1SS:INFO:stage=ran test=SurfacesRasterizerScreenshotTest
CN1SS:INFO:stage=awaiting test=SurfacesRasterizerScreenshotTest
CN1SS:INFO:test=SurfacesRasterizer png_bytes=19615 png_fnv1a64=6789dd853ca8a8aa
CN1SS:INFO:suite finished test=SurfacesRasterizerScreenshotTest
CN1SS:INFO:suite starting test=SurfacesRemoteViewsScreenshotTest
CN1SS:INFO:stage=prepared test=SurfacesRemoteViewsScreenshotTest
CN1SS:INFO:test=SurfacesRemoteViews status=SKIPPED reason=android-only-remoteviews-lowering platform=win
CN1SS:INFO:stage=ran test=SurfacesRemoteViewsScreenshotTest
CN1SS:INFO:stage=awaiting test=SurfacesRemoteViewsScreenshotTest
CN1SS:INFO:suite finished test=SurfacesRemoteViewsScreenshotTest
CN1SS:INFO:suite starting test=RealOsmVectorScreenshotTest
CN1SS:INFO:stage=prepared test=RealOsmVectorScreenshotTest
CN1SS:INFO:stage=ran test=RealOsmVectorScreenshotTest
CN1SS:INFO:stage=awaiting test=RealOsmVectorScreenshotTest
CN1SS:INFO:test=RealOsmVector png_bytes=221559 png_fnv1a64=debe89c5cfb52ce6
CN1SS:INFO:suite finished test=RealOsmVectorScreenshotTest
CN1SS:INFO:suite starting test=VectorMapDarkStyleScreenshotTest
CN1SS:INFO:stage=prepared test=VectorMapDarkStyleScreenshotTest
CN1SS:INFO:stage=ran test=VectorMapDarkStyleScreenshotTest
CN1SS:INFO:stage=awaiting test=VectorMapDarkStyleScreenshotTest
CN1SS:INFO:test=VectorMapDarkStyle png_bytes=235757 png_fnv1a64=a6b6c3eb4cfc2aa2
CN1SS:INFO:suite finished test=VectorMapDarkStyleScreenshotTest
CN1SS:INFO:suite starting test=VectorMapMarkersScreenshotTest
CN1SS:INFO:stage=prepared test=VectorMapMarkersScreenshotTest
CN1SS:INFO:stage=ran test=VectorMapMarkersScreenshotTest
CN1SS:INFO:stage=awaiting test=VectorMapMarkersScreenshotTest
CN1SS:INFO:test=VectorMapMarkers png_bytes=264712 png_fnv1a64=35a920a330f33a34
CN1SS:INFO:suite finished test=VectorMapMarkersScreenshotTest
CN1SS:INFO:suite starting test=VectorMapShapesScreenshotTest
CN1SS:INFO:stage=prepared test=VectorMapShapesScreenshotTest
CN1SS:INFO:stage=ran test=VectorMapShapesScreenshotTest
CN1SS:INFO:stage=awaiting test=VectorMapShapesScreenshotTest
CN1SS:INFO:test=VectorMapShapes png_bytes=275563 png_fnv1a64=627daabe205c5608
CN1SS:INFO:suite finished test=VectorMapShapesScreenshotTest
CN1SS:INFO:suite starting test=NativeMapFallbackScreenshotTest
CN1SS:INFO:stage=prepared test=NativeMapFallbackScreenshotTest
CN1SS:INFO:stage=ran test=NativeMapFallbackScreenshotTest
CN1SS:INFO:stage=awaiting test=NativeMapFallbackScreenshotTest
CN1SS:INFO:test=NativeMapFallback png_bytes=263479 png_fnv1a64=521407c45c0711bf
CN1SS:INFO:suite finished test=NativeMapFallbackScreenshotTest
CN1SS:INFO:suite starting test=GoogleWebMapScreenshotTest
CN1SS:INFO:stage=prepared test=GoogleWebMapScreenshotTest
CN1SS:INFO:test=GoogleWebMap status=SKIPPED reason=no-api-key
CN1SS:INFO:stage=ran test=GoogleWebMapScreenshotTest
CN1SS:INFO:stage=awaiting test=GoogleWebMapScreenshotTest
CN1SS:INFO:suite finished test=GoogleWebMapScreenshotTest
CN1SS:INFO:suite starting test=SVGStaticScreenshotTest
CN1SS:INFO:stage=prepared test=SVGStaticScreenshotTest
CN1SS:INFO:stage=ran test=SVGStaticScreenshotTest
CN1SS:INFO:stage=awaiting test=SVGStaticScreenshotTest
CN1SS:INFO:test=SVGStatic png_bytes=20525 png_fnv1a64=ac7fdec55345d645
CN1SS:INFO:suite finished test=SVGStaticScreenshotTest
CN1SS:INFO:suite starting test=SVGAnimatedScreenshotTest
CN1SS:INFO:stage=prepared test=SVGAnimatedScreenshotTest
CN1SS:INFO:stage=ran test=SVGAnimatedScreenshotTest
CN1SS:INFO:stage=awaiting test=SVGAnimatedScreenshotTest
CN1SS:INFO:test=SVGAnimatedScreenshotTest png_bytes=40235 png_fnv1a64=dcde7d8a5e8b9319
CN1SS:INFO:suite finished test=SVGAnimatedScreenshotTest
CN1SS:INFO:suite starting test=LottieAnimatedScreenshotTest
CN1SS:INFO:stage=prepared test=LottieAnimatedScreenshotTest
CN1SS:INFO:stage=ran test=LottieAnimatedScreenshotTest
CN1SS:INFO:stage=awaiting test=LottieAnimatedScreenshotTest
CN1SS:INFO:test=LottieAnimatedScreenshotTest png_bytes=16350 png_fnv1a64=da7ba30e18467867
CN1SS:INFO:suite finished test=LottieAnimatedScreenshotTest
CN1SS:INFO:suite starting test=AudioMixerApiTest
CN1SS:INFO:stage=prepared test=AudioMixerApiTest
CN1SS:INFO:stage=ran test=AudioMixerApiTest
CN1SS:INFO:stage=awaiting test=AudioMixerApiTest
CN1SS:INFO:test=AudioMixerApiTest screenshot=none
CN1SS:INFO:suite finished test=AudioMixerApiTest
CN1SS:INFO:suite starting test=Gpu3DCubeScreenshotTest
CN1SS:INFO:stage=prepared test=Gpu3DCubeScreenshotTest
CN1SS:INFO:stage=ran test=Gpu3DCubeScreenshotTest
CN1SS:INFO:stage=awaiting test=Gpu3DCubeScreenshotTest
CN1SS:INFO:test=Gpu3DCube png_bytes=5884 png_fnv1a64=a12dff537cde9688
CN1SS:INFO:suite finished test=Gpu3DCubeScreenshotTest
CN1SS:INFO:suite starting test=Gpu3DTexturedCubeScreenshotTest
CN1SS:INFO:stage=prepared test=Gpu3DTexturedCubeScreenshotTest
CN1SS:INFO:stage=ran test=Gpu3DTexturedCubeScreenshotTest
CN1SS:INFO:stage=awaiting test=Gpu3DTexturedCubeScreenshotTest
CN1SS:INFO:test=Gpu3DTexturedCube png_bytes=12030 png_fnv1a64=b5386f9c83b65a39
CN1SS:INFO:suite finished test=Gpu3DTexturedCubeScreenshotTest
CN1SS:INFO:suite starting test=Gpu3DModelScreenshotTest
CN1SS:INFO:stage=prepared test=Gpu3DModelScreenshotTest
CN1SS:INFO:stage=ran test=Gpu3DModelScreenshotTest
CN1SS:INFO:stage=awaiting test=Gpu3DModelScreenshotTest
CN1SS:INFO:test=Gpu3DModel png_bytes=40512 png_fnv1a64=d8f91a9ba107223a
CN1SS:INFO:suite finished test=Gpu3DModelScreenshotTest
CN1SS:INFO:suite starting test=Gpu3DAnimationTest
CN1SS:INFO:stage=prepared test=Gpu3DAnimationTest
CN1SS:INFO:stage=ran test=Gpu3DAnimationTest
CN1SS:INFO:stage=awaiting test=Gpu3DAnimationTest
CN1SS:INFO:test=Gpu3DAnimation png_bytes=17477 png_fnv1a64=62d2a788778564b2
CN1SS:INFO:suite finished test=Gpu3DAnimationTest
CN1SS:INFO:suite starting test=OrientationLockScreenshotTest
CN1SS:INFO:stage=prepared test=OrientationLockScreenshotTest
CN1SS:INFO:stage=ran test=OrientationLockScreenshotTest
CN1SS:INFO:stage=awaiting test=OrientationLockScreenshotTest
CN1SS:INFO:test=landscape png_bytes=6478 png_fnv1a64=b450cbeab9790ec6
CN1SS:INFO:suite finished test=OrientationLockScreenshotTest
CN1SS:INFO:suite starting test=InPlaceEditViewTest
CN1SS:INFO:stage=prepared test=InPlaceEditViewTest
CN1SS:INFO:stage=ran test=InPlaceEditViewTest
CN1SS:INFO:stage=awaiting test=InPlaceEditViewTest
CN1SS:INFO:test=InPlaceEditViewTest screenshot=none
CN1SS:INFO:suite finished test=InPlaceEditViewTest
CN1SS:INFO:suite starting test=BytecodeTranslatorRegressionTest
CN1SS:INFO:stage=prepared test=BytecodeTranslatorRegressionTest
CN1SS:INFO:stage=ran test=BytecodeTranslatorRegressionTest
CN1SS:INFO:stage=awaiting test=BytecodeTranslatorRegressionTest
CN1SS:INFO:test=BytecodeTranslatorRegressionTest screenshot=none
CN1SS:INFO:suite finished test=BytecodeTranslatorRegressionTest
CN1SS:INFO:suite starting test=SimdApiTest
CN1SS:INFO:stage=prepared test=SimdApiTest
CN1SS:INFO:stage=ran test=SimdApiTest
CN1SS:INFO:stage=awaiting test=SimdApiTest
CN1SS:INFO:test=SimdApiTest screenshot=none
CN1SS:INFO:suite finished test=SimdApiTest
CN1SS:INFO:suite starting test=SimdBenchmarkTest
CN1SS:INFO:stage=prepared test=SimdBenchmarkTest
CN1SS:SIMD:BENCH native=true int-add native=4ms java=59ms speedup=14.7x float-mul native=4ms java=61ms speedup=15.2x (sink=6939300)
CN1SS:STAT:SIMD kernel backend: SSE2 (x64) / NEON (arm64) native kernels
CN1SS:STAT:SIMD int-add (64K x300): java 59ms / native 4ms = 14.7x speedup
CN1SS:STAT:SIMD float-mul (64K x300): java 61ms / native 4ms = 15.2x speedup
CN1SS:STAT:SIMD kernel correctness: PASS (native result == scalar reference)
CN1SS:INFO:stage=ran test=SimdBenchmarkTest
CN1SS:INFO:stage=awaiting test=SimdBenchmarkTest
CN1SS:INFO:test=SimdBenchmarkTest screenshot=none
CN1SS:INFO:suite finished test=SimdBenchmarkTest
CN1SS:INFO:suite starting test=CommonWorkloadBenchmarkTest
CN1SS:INFO:stage=prepared test=CommonWorkloadBenchmarkTest
CN1SS:PERF:benchmark id=intArithmetic duration_ns=79032000 checksum=1307491170054
CN1SS:PERF:benchmark id=longArithmetic duration_ns=58620000 checksum=6887886960473257608
CN1SS:PERF:benchmark id=mathTranscendental duration_ns=180479000 checksum=4729652805076374709
CN1SS:PERF:benchmark id=arraySequential duration_ns=29780000 checksum=0
CN1SS:PERF:benchmark id=arrayRandom duration_ns=243466000 checksum=-2288487891715278
CN1SS:PERF:benchmark id=objectAllocation duration_ns=4162276000 checksum=2999790376128
CN1SS:PERF:benchmark id=hashMapChurn duration_ns=71795000 checksum=49941
CN1SS:PERF:benchmark id=stringBuilding duration_ns=58309000 checksum=-609121604069
CN1SS:PERF:benchmark id=recursion duration_ns=182118000 checksum=33385282
CN1SS:PERF:benchmark id=quicksort duration_ns=154346000 checksum=809667393311589960
CN1SS:PERF:complete benchmark_version=1 checksum=0
CN1SS:INFO:stage=ran test=CommonWorkloadBenchmarkTest
CN1SS:INFO:stage=awaiting test=CommonWorkloadBenchmarkTest
CN1SS:INFO:test=CommonWorkloadBenchmarkTest screenshot=none
CN1SS:INFO:suite finished test=CommonWorkloadBenchmarkTest
CN1SS:INFO:suite starting test=SecureStorageTest
CN1SS:INFO:stage=prepared test=SecureStorageTest
CN1SS:INFO:stage=ran test=SecureStorageTest
CN1SS:INFO:stage=awaiting test=SecureStorageTest
CN1SS:INFO:test=SecureStorageTest screenshot=none
CN1SS:INFO:suite finished test=SecureStorageTest
CN1SS:INFO:suite starting test=DatabaseLifecycleTest
CN1SS:INFO:stage=prepared test=DatabaseLifecycleTest
CN1SS:INFO:test=DatabaseLifecycleTest note=custom database paths are supported here
CN1SS:INFO:stage=ran test=DatabaseLifecycleTest
CN1SS:INFO:stage=awaiting test=DatabaseLifecycleTest
CN1SS:INFO:test=DatabaseLifecycleTest screenshot=none
CN1SS:INFO:suite finished test=DatabaseLifecycleTest
CN1SS:INFO:suite starting test=DatabaseStatementTest
CN1SS:INFO:stage=prepared test=DatabaseStatementTest
CN1SS:INFO:stage=ran test=DatabaseStatementTest
CN1SS:INFO:stage=awaiting test=DatabaseStatementTest
CN1SS:INFO:test=DatabaseStatementTest screenshot=none
CN1SS:INFO:suite finished test=DatabaseStatementTest
CN1SS:INFO:suite starting test=DatabaseCursorTest
CN1SS:INFO:stage=prepared test=DatabaseCursorTest
CN1SS:INFO:stage=ran test=DatabaseCursorTest
CN1SS:INFO:stage=awaiting test=DatabaseCursorTest
CN1SS:INFO:test=DatabaseCursorTest screenshot=none
CN1SS:INFO:suite finished test=DatabaseCursorTest
CN1SS:INFO:suite starting test=DatabaseTransactionTest
CN1SS:INFO:stage=prepared test=DatabaseTransactionTest
CN1SS:INFO:test=DatabaseTransactionTest note=this port refuses to rewind a writing statement, which is how it avoids running the write twice
CN1SS:INFO:test=DatabaseTransactionTest note=a writing statement whose cursor was never stepped left 2 row(s): this engine runs it only when the cursor is stepped
CN1SS:INFO:test=DatabaseTransactionTest note=double quoted string literals are accepted by this engine; they are rejected in the simulator, so single quotes are the portable form
CN1SS:INFO:stage=ran test=DatabaseTransactionTest
CN1SS:INFO:stage=awaiting test=DatabaseTransactionTest
CN1SS:INFO:test=DatabaseTransactionTest screenshot=none
CN1SS:INFO:suite finished test=DatabaseTransactionTest
CN1SS:INFO:suite starting test=DatabaseEncryptionTest
CN1SS:INFO:stage=prepared test=DatabaseEncryptionTest
CN1SS:INFO:test=DatabaseEncryptionTest note=encryption api referenced=true
CN1SS:INFO:test=DatabaseEncryptionTest note=managed keys are hardware backed here: false
CN1SS:INFO:stage=ran test=DatabaseEncryptionTest
CN1SS:INFO:stage=awaiting test=DatabaseEncryptionTest
CN1SS:INFO:test=DatabaseEncryptionTest screenshot=none
CN1SS:INFO:suite finished test=DatabaseEncryptionTest
CN1SS:INFO:suite starting test=DatabaseStatementLegacyTest
CN1SS:INFO:stage=prepared test=DatabaseStatementLegacyTest
CN1SS:INFO:stage=ran test=DatabaseStatementLegacyTest
CN1SS:INFO:stage=awaiting test=DatabaseStatementLegacyTest
CN1SS:INFO:test=DatabaseStatementLegacyTest screenshot=none
CN1SS:INFO:suite finished test=DatabaseStatementLegacyTest
CN1SS:INFO:suite starting test=DatabaseCursorLegacyTest
CN1SS:INFO:stage=prepared test=DatabaseCursorLegacyTest
CN1SS:INFO:stage=ran test=DatabaseCursorLegacyTest
CN1SS:INFO:stage=awaiting test=DatabaseCursorLegacyTest
CN1SS:INFO:test=DatabaseCursorLegacyTest screenshot=none
CN1SS:INFO:suite finished test=DatabaseCursorLegacyTest
CN1SS:INFO:suite starting test=CameraApiTest
CN1SS:INFO:stage=prepared test=CameraApiTest
CN1SS:INFO:test=CameraApiTest status=SKIPPED reason=no-host-webcam-capture-on-win
CN1SS:INFO:stage=ran test=CameraApiTest
CN1SS:INFO:stage=awaiting test=CameraApiTest
CN1SS:INFO:test=CameraApiTest screenshot=none
CN1SS:INFO:suite finished test=CameraApiTest
CN1SS:INFO:suite starting test=VisionOnDeviceApiTest
CN1SS:INFO:stage=prepared test=VisionOnDeviceApiTest
CN1SS:INFO:stage=ran test=VisionOnDeviceApiTest
CN1SS:INFO:stage=awaiting test=VisionOnDeviceApiTest
CN1SS:INFO:test=VisionOnDeviceApiTest screenshot=none
CN1SS:INFO:suite finished test=VisionOnDeviceApiTest
CN1SS:INFO:suite starting test=LanguageOnDeviceApiTest
CN1SS:INFO:stage=prepared test=LanguageOnDeviceApiTest
CN1SS:INFO:stage=ran test=LanguageOnDeviceApiTest
CN1SS:INFO:stage=awaiting test=LanguageOnDeviceApiTest
CN1SS:INFO:test=LanguageOnDeviceApiTest screenshot=none
CN1SS:INFO:suite finished test=LanguageOnDeviceApiTest
CN1SS:INFO:suite starting test=InferenceOnDeviceApiTest
CN1SS:INFO:stage=prepared test=InferenceOnDeviceApiTest
CN1SS:INFO:stage=ran test=InferenceOnDeviceApiTest
CN1SS:INFO:stage=awaiting test=InferenceOnDeviceApiTest
CN1SS:INFO:test=InferenceOnDeviceApiTest screenshot=none
CN1SS:INFO:suite finished test=InferenceOnDeviceApiTest
CN1SS:INFO:suite starting test=ARApiTest
CN1SS:INFO:stage=prepared test=ARApiTest
CN1SS:INFO:stage=ran test=ARApiTest
CN1SS:INFO:stage=awaiting test=ARApiTest
CN1SS:INFO:test=ARApiTest screenshot=none
CN1SS:INFO:suite finished test=ARApiTest
CN1SS:INFO:suite starting test=SimdLargeAllocaTest
CN1SS:INFO:stage=prepared test=SimdLargeAllocaTest
CN1SS:INFO:stage=ran test=SimdLargeAllocaTest
CN1SS:INFO:stage=awaiting test=SimdLargeAllocaTest
CN1SS:INFO:test=SimdLargeAllocaTest screenshot=none
CN1SS:INFO:suite finished test=SimdLargeAllocaTest
CN1SS:INFO:suite starting test=StreamApiTest
CN1SS:INFO:stage=prepared test=StreamApiTest
CN1SS:INFO:stage=ran test=StreamApiTest
CN1SS:INFO:stage=awaiting test=StreamApiTest
CN1SS:INFO:test=StreamApiTest screenshot=none
CN1SS:INFO:suite finished test=StreamApiTest
CN1SS:INFO:suite starting test=StringApiTest
CN1SS:INFO:stage=prepared test=StringApiTest
CN1SS:INFO:stage=ran test=StringApiTest
CN1SS:INFO:stage=awaiting test=StringApiTest
CN1SS:INFO:test=StringApiTest screenshot=none
CN1SS:INFO:suite finished test=StringApiTest
CN1SS:INFO:suite starting test=TimeApiTest
CN1SS:INFO:stage=prepared test=TimeApiTest
CN1SS:INFO:stage=ran test=TimeApiTest
CN1SS:INFO:stage=awaiting test=TimeApiTest
CN1SS:INFO:test=TimeApiTest screenshot=none
CN1SS:INFO:suite finished test=TimeApiTest
CN1SS:INFO:suite starting test=NanoTimeApiTest
CN1SS:INFO:stage=prepared test=NanoTimeApiTest
CN1SS:INFO:stage=ran test=NanoTimeApiTest
CN1SS:INFO:stage=awaiting test=NanoTimeApiTest
CN1SS:INFO:test=NanoTimeApiTest screenshot=none
CN1SS:INFO:suite finished test=NanoTimeApiTest
CN1SS:INFO:suite starting test=FloatingToStringTest
CN1SS:INFO:stage=prepared test=FloatingToStringTest
CN1SS:INFO:stage=ran test=FloatingToStringTest
CN1SS:INFO:stage=awaiting test=FloatingToStringTest
CN1SS:INFO:test=FloatingToStringTest screenshot=none
CN1SS:INFO:suite finished test=FloatingToStringTest
CN1SS:INFO:suite starting test=StringFormatTest
CN1SS:INFO:stage=prepared test=StringFormatTest
CN1SS:INFO:stage=ran test=StringFormatTest
CN1SS:INFO:stage=awaiting test=StringFormatTest
CN1SS:INFO:test=StringFormatTest screenshot=none
CN1SS:INFO:suite finished test=StringFormatTest
CN1SS:INFO:suite starting test=ClipboardRoundTripTest
CN1SS:INFO:stage=prepared test=ClipboardRoundTripTest
CN1SS:INFO:stage=ran test=ClipboardRoundTripTest
CN1SS:INFO:stage=awaiting test=ClipboardRoundTripTest
CN1SS:INFO:test=ClipboardRoundTripTest screenshot=none
CN1SS:INFO:suite finished test=ClipboardRoundTripTest
CN1SS:INFO:suite starting test=SurfacesSerializerRoundTripTest
CN1SS:INFO:stage=prepared test=SurfacesSerializerRoundTripTest
CN1SS:INFO:stage=ran test=SurfacesSerializerRoundTripTest
CN1SS:INFO:stage=awaiting test=SurfacesSerializerRoundTripTest
CN1SS:INFO:test=SurfacesSerializerRoundTripTest screenshot=none
CN1SS:INFO:suite finished test=SurfacesSerializerRoundTripTest
CN1SS:INFO:suite starting test=SurfacesTimelineLogicTest
CN1SS:INFO:stage=prepared test=SurfacesTimelineLogicTest
CN1SS:INFO:stage=ran test=SurfacesTimelineLogicTest
CN1SS:INFO:stage=awaiting test=SurfacesTimelineLogicTest
CN1SS:INFO:test=SurfacesTimelineLogicTest screenshot=none
CN1SS:INFO:suite finished test=SurfacesTimelineLogicTest
CN1SS:INFO:suite starting test=SurfacesActionDispatchTest
CN1SS:INFO:stage=prepared test=SurfacesActionDispatchTest
CN1SS:INFO:stage=ran test=SurfacesActionDispatchTest
CN1SS:INFO:stage=awaiting test=SurfacesActionDispatchTest
CN1SS:INFO:test=SurfacesActionDispatchTest screenshot=none
CN1SS:INFO:suite finished test=SurfacesActionDispatchTest
CN1SS:INFO:suite starting test=SurfacesPublishTest
CN1SS:INFO:stage=prepared test=SurfacesPublishTest
CN1SS:INFO:test=SurfacesPublishTest widgets_supported=true platform=win
CN1SS:INFO:test=SurfacesPublishTest activities_supported=true
CN1SS:INFO:stage=ran test=SurfacesPublishTest
CN1SS:INFO:stage=awaiting test=SurfacesPublishTest
CN1SS:INFO:test=SurfacesPublishTest screenshot=none
CN1SS:INFO:suite finished test=SurfacesPublishTest
CN1SS:INFO:suite starting test=IntentsApiTest
CN1SS:INFO:stage=prepared test=IntentsApiTest
CN1SS:INFO:test=IntentsApiTest platform=win supported=false headless=false voice=false indexing=false declarations=0
CN1SS:INFO:test=IntentsApiTest registry=absent (no generated dispatcher on this port; dispatch assertions skipped)
CN1SS:INFO:stage=ran test=IntentsApiTest
CN1SS:INFO:stage=awaiting test=IntentsApiTest
CN1SS:INFO:test=IntentsApiTest screenshot=none
CN1SS:INFO:suite finished test=IntentsApiTest
CN1SS:INFO:suite starting test=MotionSensorDeviceTest
CN1SS:INFO:stage=prepared test=MotionSensorDeviceTest
CN1SS:INFO:stage=ran test=MotionSensorDeviceTest
CN1SS:INFO:stage=awaiting test=MotionSensorDeviceTest
CN1SS:INFO:test=MotionSensorDeviceTest screenshot=none
CN1SS:INFO:suite finished test=MotionSensorDeviceTest
CN1SS:INFO:suite starting test=CryptoApiTest
CN1SS:INFO:stage=prepared test=CryptoApiTest
CN1SS:INFO:stage=ran test=CryptoApiTest
CN1SS:INFO:stage=awaiting test=CryptoApiTest
CN1SS:INFO:test=CryptoApiTest screenshot=none
CN1SS:INFO:suite finished test=CryptoApiTest
CN1SS:INFO:suite starting test=Java17Tests
CN1SS:INFO:stage=prepared test=Java17Tests
CN1SS:INFO:stage=ran test=Java17Tests
CN1SS:INFO:stage=awaiting test=Java17Tests
CN1SS:INFO:test=Java17Tests screenshot=none
CN1SS:INFO:suite finished test=Java17Tests
CN1SS:INFO:suite starting test=BackgroundThreadUiAccessTest
CN1SS:INFO:stage=prepared test=BackgroundThreadUiAccessTest
CN1SS:INFO:stage=ran test=BackgroundThreadUiAccessTest
CN1SS:INFO:stage=awaiting test=BackgroundThreadUiAccessTest
CN1SS:INFO:test=BackgroundThreadUiAccessTest screenshot=none
CN1SS:INFO:suite finished test=BackgroundThreadUiAccessTest
CN1SS:INFO:suite starting test=BridgeBulkTransferGuardTest
CN1SS:INFO:stage=prepared test=BridgeBulkTransferGuardTest
CN1SS:INFO:stage=ran test=BridgeBulkTransferGuardTest
CN1SS:INFO:stage=awaiting test=BridgeBulkTransferGuardTest
CN1SS:INFO:test=BridgeBulkTransferGuardTest screenshot=none
CN1SS:INFO:suite finished test=BridgeBulkTransferGuardTest
CN1SS:INFO:suite starting test=VPNDetectionAPITest
CN1SS:INFO:stage=prepared test=VPNDetectionAPITest
CN1SS:INFO:stage=ran test=VPNDetectionAPITest
CN1SS:INFO:stage=awaiting test=VPNDetectionAPITest
CN1SS:INFO:test=VPNDetectionAPITest screenshot=none
CN1SS:INFO:suite finished test=VPNDetectionAPITest
CN1SS:INFO:suite starting test=CallDetectionAPITest
CN1SS:INFO:stage=prepared test=CallDetectionAPITest
CN1SS:INFO:stage=ran test=CallDetectionAPITest
CN1SS:INFO:stage=awaiting test=CallDetectionAPITest
CN1SS:INFO:test=CallDetectionAPITest screenshot=none
CN1SS:INFO:suite finished test=CallDetectionAPITest
CN1SS:INFO:suite starting test=DeviceInputApiTest
CN1SS:INFO:stage=prepared test=DeviceInputApiTest
CN1SS:INFO:stage=ran test=DeviceInputApiTest
CN1SS:INFO:stage=awaiting test=DeviceInputApiTest
CN1SS:INFO:test=DeviceInputApiTest screenshot=none
CN1SS:INFO:suite finished test=DeviceInputApiTest
CN1SS:INFO:suite starting test=LocalNotificationOverrideTest
CN1SS:INFO:stage=prepared test=LocalNotificationOverrideTest
CN1SS:INFO:stage=ran test=LocalNotificationOverrideTest
CN1SS:INFO:stage=awaiting test=LocalNotificationOverrideTest
CN1SS:INFO:test=LocalNotificationOverrideTest screenshot=none
CN1SS:INFO:suite finished test=LocalNotificationOverrideTest
CN1SS:INFO:suite starting test=Base64NativePerformanceTest
CN1SS:INFO:stage=prepared test=Base64NativePerformanceTest
CN1SS:STAT:Base64 native bridge: unavailable (CN1 + SIMD + image benchmarks only)
CN1SS:STAT:Base64 payload size: 8192 bytes
CN1SS:STAT:Base64 benchmark iterations: 6000
CN1SS:STAT:Base64 SIMD byte path: gated to scalar (CPU autovectorizes scalar; explicit SIMD not beneficial here)
CN1SS:STAT:Base64 CN1 encode: 172.000 ms
CN1SS:STAT:Base64 CN1 decode: 118.000 ms
CN1SS:STAT:Base64 SIMD encode: 92.000 ms
CN1SS:STAT:Base64 encode ratio (SIMD/CN1): 0.535x (46.5% faster)
CN1SS:STAT:Base64 SIMD decode: 87.000 ms
CN1SS:STAT:Base64 decode ratio (SIMD/CN1): 0.737x (26.3% faster)
CN1SS:STAT:Image encode benchmark iterations: 100
CN1SS:STAT:Image createMask (SIMD off): 26.000 ms
CN1SS:STAT:Image createMask (SIMD on): 21.000 ms
CN1SS:STAT:Image createMask ratio (SIMD on/off): 0.808x (19.2% faster)
CN1SS:STAT:Image applyMask (SIMD off): 225.000 ms
CN1SS:STAT:Image applyMask (SIMD on): 47.000 ms
CN1SS:STAT:Image applyMask ratio (SIMD on/off): 0.209x (79.1% faster)
CN1SS:STAT:Image modifyAlpha (SIMD off): 46.000 ms
CN1SS:STAT:Image modifyAlpha (SIMD on): 42.000 ms
CN1SS:STAT:Image modifyAlpha ratio (SIMD on/off): 0.913x (8.7% faster)
CN1SS:STAT:Image modifyAlpha removeColor (SIMD off): 57.000 ms
CN1SS:STAT:Image modifyAlpha removeColor (SIMD on): 46.000 ms
CN1SS:STAT:Image modifyAlpha removeColor ratio (SIMD on/off): 0.807x (19.3% faster)
CN1SS:INFO:stage=ran test=Base64NativePerformanceTest
CN1SS:INFO:stage=awaiting test=Base64NativePerformanceTest
CN1SS:INFO:test=Base64NativePerformanceTest screenshot=none
CN1SS:INFO:suite finished test=Base64NativePerformanceTest
CN1SS:INFO:suite starting test=AccessibilityTest
CN1SS:INFO:stage=prepared test=AccessibilityTest
CN1SS:INFO:stage=ran test=AccessibilityTest
CN1SS:INFO:stage=awaiting test=AccessibilityTest
CN1SS:INFO:test=AccessibilityTest screenshot=none
CN1SS:INFO:suite finished test=AccessibilityTest
CN1SS:INFO:suite starting test=FileSystemStorageOpenInputStreamMissingTest
CN1SS:INFO:stage=prepared test=FileSystemStorageOpenInputStreamMissingTest
CN1SS:INFO:stage=ran test=FileSystemStorageOpenInputStreamMissingTest
CN1SS:INFO:stage=awaiting test=FileSystemStorageOpenInputStreamMissingTest
CN1SS:INFO:test=FileSystemStorageOpenInputStreamMissingTest screenshot=none
CN1SS:INFO:suite finished test=FileSystemStorageOpenInputStreamMissingTest
CN1SS:INFO:suite starting test=MutableImageReadbackTest
CN1SS:INFO:stage=prepared test=MutableImageReadbackTest
CN1SS:INFO:stage=ran test=MutableImageReadbackTest
CN1SS:INFO:stage=awaiting test=MutableImageReadbackTest
CN1SS:INFO:test=MutableImageReadbackTest screenshot=none
CN1SS:INFO:suite finished test=MutableImageReadbackTest
CN1SS:INFO:suite starting test=MutableImageClipReadbackTest
CN1SS:INFO:stage=prepared test=MutableImageClipReadbackTest
CN1SS:INFO:stage=ran test=MutableImageClipReadbackTest
CN1SS:INFO:stage=awaiting test=MutableImageClipReadbackTest
CN1SS:INFO:test=MutableImageClipReadbackTest screenshot=none
CN1SS:INFO:suite finished test=MutableImageClipReadbackTest
CN1SS:INFO:suite starting test=CalendarApiTest
CN1SS:INFO:stage=prepared test=CalendarApiTest
CN1SS:CALENDAR_DIAG capabilities=[]
CN1SS:INFO:stage=ran test=CalendarApiTest
CN1SS:INFO:stage=awaiting test=CalendarApiTest
CN1SS:INFO:test=CalendarApiTest screenshot=none
CN1SS:INFO:suite finished test=CalendarApiTest
CN1SS:INFO:suite starting test=DesktopModeScreenshotTest
CN1SS:INFO:stage=prepared test=DesktopModeScreenshotTest
CN1SS:INFO:stage=ran test=DesktopModeScreenshotTest
CN1SS:INFO:stage=awaiting test=DesktopModeScreenshotTest
CN1SS:INFO:test=DesktopMode png_bytes=7823 png_fnv1a64=b05fcb4f494e0b18
CN1SS:INFO:suite finished test=DesktopModeScreenshotTest
CN1SS:INFO:suite starting test=MultiWindowApiTest
CN1SS:INFO:stage=prepared test=MultiWindowApiTest
CN1SS:INFO:stage=ran test=MultiWindowApiTest
CN1SS:INFO:stage=awaiting test=MultiWindowApiTest
CN1SS:INFO:test=MultiWindowApiTest screenshot=none
CN1SS:INFO:suite finished test=MultiWindowApiTest
CN1SS:INFO:suite starting test=WindowLayoutTest
CN1SS:INFO:stage=prepared test=WindowLayoutTest
CN1SS:INFO:stage=ran test=WindowLayoutTest
CN1SS:INFO:stage=awaiting test=WindowLayoutTest
CN1SS:INFO:test=Window-Layout-400x300 png_bytes=11797 png_fnv1a64=49282d64161cbb35
CN1SS:INFO:test=Window-Layout-900x700 png_bytes=15750 png_fnv1a64=7035c0cc1845dadf
CN1SS:INFO:test=Window-Layout-1000x400 png_bytes=14051 png_fnv1a64=59e8b4893bf0730d
CN1SS:INFO:suite finished test=WindowLayoutTest
CN1SS:INFO:suite starting test=WindowScrollTest
CN1SS:INFO:stage=prepared test=WindowScrollTest
CN1SS:INFO:stage=ran test=WindowScrollTest
CN1SS:INFO:stage=awaiting test=WindowScrollTest
CN1SS:INFO:test=Window-Scroll-400x300 png_bytes=5302 png_fnv1a64=cdefebae31e245ac
CN1SS:INFO:test=Window-Scroll-900x700 png_bytes=20021 png_fnv1a64=b2c8f48427a168cd
CN1SS:INFO:test=Window-Scroll-1000x400 png_bytes=11691 png_fnv1a64=d80ad3251359b031
CN1SS:INFO:suite finished test=WindowScrollTest
CN1SS:INFO:suite starting test=WindowGraphicsTest
CN1SS:INFO:stage=prepared test=WindowGraphicsTest
CN1SS:INFO:stage=ran test=WindowGraphicsTest
CN1SS:INFO:stage=awaiting test=WindowGraphicsTest
CN1SS:INFO:test=Window-Graphics-400x300 png_bytes=11006 png_fnv1a64=b0da695fa3a8e21f
CN1SS:INFO:test=Window-Graphics-900x700 png_bytes=39425 png_fnv1a64=66510347d742a5d6
CN1SS:INFO:test=Window-Graphics-1000x400 png_bytes=19393 png_fnv1a64=b7f731f320cd4d41
CN1SS:INFO:suite finished test=WindowGraphicsTest
CN1SS:INFO:suite starting test=WindowEditingTest
CN1SS:INFO:stage=prepared test=WindowEditingTest
CN1SS:INFO:stage=ran test=WindowEditingTest
CN1SS:INFO:stage=awaiting test=WindowEditingTest
CN1SS:INFO:test=Window-Editing-400x300 png_bytes=7317 png_fnv1a64=fbc471c9899b209c
CN1SS:INFO:test=Window-Editing-900x700 png_bytes=10899 png_fnv1a64=c2c8323d00d17c6c
CN1SS:INFO:test=Window-Editing-1000x400 png_bytes=9257 png_fnv1a64=e1c1c01c5770f7b2
CN1SS:INFO:suite finished test=WindowEditingTest
CN1SS:INFO:suite starting test=WindowOverlayTest
CN1SS:INFO:stage=prepared test=WindowOverlayTest
CN1SS:INFO:stage=ran test=WindowOverlayTest
CN1SS:INFO:stage=awaiting test=WindowOverlayTest
CN1SS:INFO:test=Window-Overlay-600x450 png_bytes=8902 png_fnv1a64=c9f39ed67992162d
CN1SS:INFO:suite finished test=WindowOverlayTest
CN1SS:INFO:suite starting test=WindowModalTest
CN1SS:INFO:stage=prepared test=WindowModalTest
CN1SS:INFO:stage=ran test=WindowModalTest
CN1SS:INFO:stage=awaiting test=WindowModalTest
CN1SS:INFO:test=Window-Modal-background png_bytes=9562 png_fnv1a64=43efe7a9d87a5174
CN1SS:INFO:suite finished test=WindowModalTest
CN1SS:INFO:suite starting test=VideoIODecodedFramesScreenshotTest
CN1SS:INFO:stage=prepared test=VideoIODecodedFramesScreenshotTest
CN1SS:INFO:stage=ran test=VideoIODecodedFramesScreenshotTest
CN1SS:INFO:stage=awaiting test=VideoIODecodedFramesScreenshotTest
CN1SS:INFO:winWriter audioSamples=0 audioBytes=0 hasAudio=0 encRate=0 audioSetupHr=0x00000000 finalizeHr=0x00000000
CN1SS:INFO:test=VideoIODecodedFrames png_bytes=36434 png_fnv1a64=8d672341cd9559cf
CN1SS:INFO:suite finished test=VideoIODecodedFramesScreenshotTest
CN1SS:INFO:suite starting test=VRStereoSceneScreenshotTest
CN1SS:INFO:stage=prepared test=VRStereoSceneScreenshotTest
CN1SS:INFO:stage=ran test=VRStereoSceneScreenshotTest
CN1SS:INFO:stage=awaiting test=VRStereoSceneScreenshotTest
CN1SS:INFO:test=VRStereoScene png_bytes=8197 png_fnv1a64=2c65216a2ee41b34
CN1SS:INFO:suite finished test=VRStereoSceneScreenshotTest
CN1SS:INFO:suite starting test=Media360PanoramaScreenshotTest
CN1SS:INFO:stage=prepared test=Media360PanoramaScreenshotTest
CN1SS:INFO:stage=ran test=Media360PanoramaScreenshotTest
CN1SS:INFO:stage=awaiting test=Media360PanoramaScreenshotTest
CN1SS:INFO:test=Media360Panorama png_bytes=36416 png_fnv1a64=a2fbccd5df3db957
CN1SS:INFO:suite finished test=Media360PanoramaScreenshotTest
CN1SS:INFO:suite starting test=VideoIORoundTripTest
CN1SS:INFO:stage=prepared test=VideoIORoundTripTest
CN1SS:INFO:stage=ran test=VideoIORoundTripTest
CN1SS:INFO:stage=awaiting test=VideoIORoundTripTest
CN1SS:INFO:winWriter audioSamples=6 audioBytes=95976 hasAudio=1 encRate=48000 audioSetupHr=0x00000000 finalizeHr=0x00000000
CN1SS:INFO:winAudio reads=48 nullSamples=0 bytes=96256 lastHr=0x00000000 lastFlags=0x2 rate=48000 ch=1
CN1SS:INFO:test=VideoIORoundTripTest status=ROUNDTRIP_OK platform=win
CN1SS:INFO:test=VideoIORoundTripTest screenshot=none
CN1SS:INFO:suite finished test=VideoIORoundTripTest
CN1SS:INFO:swift_diag_status=UNINITIALIZED
CN1SS:SUITE:FINISHED
CN1SS:SUITE:FINISHED
